Component: Arm Compiler for Embedded 6.18 Tool: armlink [5e4cc100]

==============================================================================

Section Cross References

    startup_stm32f405xx.o(STACK) refers (Special) to heapauxi.o(.text) for __use_two_region_memory
    startup_stm32f405xx.o(HEAP) refers (Special) to heapauxi.o(.text) for __use_two_region_memory
    startup_stm32f405xx.o(RESET) refers (Special) to heapauxi.o(.text) for __use_two_region_memory
    startup_stm32f405xx.o(RESET) refers to startup_stm32f405xx.o(STACK) for __initial_sp
    startup_stm32f405xx.o(RESET) refers to startup_stm32f405xx.o(.text) for Reset_Handler
    startup_stm32f405xx.o(RESET) refers to stm32f4xx_it.o(.text.NMI_Handler) for NMI_Handler
    startup_stm32f405xx.o(RESET) refers to stm32f4xx_it.o(.text.HardFault_Handler) for HardFault_Handler
    startup_stm32f405xx.o(RESET) refers to stm32f4xx_it.o(.text.MemManage_Handler) for MemManage_Handler
    startup_stm32f405xx.o(RESET) refers to stm32f4xx_it.o(.text.BusFault_Handler) for BusFault_Handler
    startup_stm32f405xx.o(RESET) refers to stm32f4xx_it.o(.text.UsageFault_Handler) for UsageFault_Handler
    startup_stm32f405xx.o(RESET) refers to port.o(.text.SVC_Handler) for SVC_Handler
    startup_stm32f405xx.o(RESET) refers to stm32f4xx_it.o(.text.DebugMon_Handler) for DebugMon_Handler
    startup_stm32f405xx.o(RESET) refers to port.o(.text.PendSV_Handler) for PendSV_Handler
    startup_stm32f405xx.o(RESET) refers to cmsis_os2.o(.text.SysTick_Handler) for SysTick_Handler
    startup_stm32f405xx.o(RESET) refers to stm32f4xx_it.o(.text.CAN1_RX0_IRQHandler) for CAN1_RX0_IRQHandler
    startup_stm32f405xx.o(RESET) refers to stm32f4xx_it.o(.text.CAN1_RX1_IRQHandler) for CAN1_RX1_IRQHandler
    startup_stm32f405xx.o(RESET) refers to stm32f4xx_it.o(.text.TIM1_UP_TIM10_IRQHandler) for TIM1_UP_TIM10_IRQHandler
    startup_stm32f405xx.o(RESET) refers to stm32f4xx_it.o(.text.TIM2_IRQHandler) for TIM2_IRQHandler
    startup_stm32f405xx.o(RESET) refers to stm32f4xx_it.o(.text.USART1_IRQHandler) for USART1_IRQHandler
    startup_stm32f405xx.o(RESET) refers to stm32f4xx_it.o(.text.EXTI15_10_IRQHandler) for EXTI15_10_IRQHandler
    startup_stm32f405xx.o(RESET) refers to stm32f4xx_it.o(.text.DMA2_Stream2_IRQHandler) for DMA2_Stream2_IRQHandler
    startup_stm32f405xx.o(RESET) refers to stm32f4xx_it.o(.text.DMA2_Stream7_IRQHandler) for DMA2_Stream7_IRQHandler
    startup_stm32f405xx.o(.text) refers (Special) to heapauxi.o(.text) for __use_two_region_memory
    startup_stm32f405xx.o(.text) refers to system_stm32f4xx.o(.text.SystemInit) for SystemInit
    startup_stm32f405xx.o(.text) refers to __main.o(!!!main) for __main
    startup_stm32f405xx.o(.text) refers to startup_stm32f405xx.o(HEAP) for Heap_Mem
    startup_stm32f405xx.o(.text) refers to startup_stm32f405xx.o(STACK) for Stack_Mem
    main.o(.text.main) refers to stm32f4xx_hal.o(.text.HAL_Init) for HAL_Init
    main.o(.text.main) refers to led.o(.text.led_init) for led_init
    main.o(.text.main) refers to uart_irqhandler.o(.text.UART_Start_Receive) for UART_Start_Receive
    main.o(.text.main) refers to beep.o(.text.Beep_Init) for Beep_Init
    main.o(.text.main) refers to main.o(.text.SystemClock_Config) for SystemClock_Config
    main.o(.text.main) refers to gpio.o(.text.MX_GPIO_Init) for MX_GPIO_Init
    main.o(.text.main) refers to dma.o(.text.MX_DMA_Init) for MX_DMA_Init
    main.o(.text.main) refers to tim.o(.text.MX_TIM2_Init) for MX_TIM2_Init
    main.o(.text.main) refers to tim.o(.text.MX_TIM3_Init) for MX_TIM3_Init
    main.o(.text.main) refers to usart.o(.text.MX_USART1_UART_Init) for MX_USART1_UART_Init
    main.o(.text.main) refers to can.o(.text.MX_CAN1_Init) for MX_CAN1_Init
    main.o(.text.main) refers to cmsis_os2.o(.text.osKernelInitialize) for osKernelInitialize
    main.o(.text.main) refers to freertos.o(.text.MX_FREERTOS_Init) for MX_FREERTOS_Init
    main.o(.text.main) refers to cmsis_os2.o(.text.osKernelStart) for osKernelStart
    main.o(.ARM.exidx.text.main) refers to main.o(.text.main) for [Anonymous Symbol]
    main.o(.text.SystemClock_Config) refers to rt_memclr_w.o(.text) for __aeabi_memclr4
    main.o(.text.SystemClock_Config) refers to stm32f4xx_hal_rcc.o(.text.HAL_RCC_OscConfig) for HAL_RCC_OscConfig
    main.o(.text.SystemClock_Config) refers to main.o(.text.Error_Handler) for Error_Handler
    main.o(.text.SystemClock_Config) refers to stm32f4xx_hal_rcc.o(.text.HAL_RCC_ClockConfig) for HAL_RCC_ClockConfig
    main.o(.ARM.exidx.text.SystemClock_Config) refers to main.o(.text.SystemClock_Config) for [Anonymous Symbol]
    main.o(.ARM.exidx.text.Error_Handler) refers to main.o(.text.Error_Handler) for [Anonymous Symbol]
    main.o(.text.HAL_TIM_PeriodElapsedCallback) refers to tim_irqhandler.o(.text.TIM_PeriodElapsedCallback) for TIM_PeriodElapsedCallback
[...]
    CAN1_TX_IRQHandler                       0x08000243   Thumb Code     0  startup_stm32f405xx.o(.text)
    CAN2_RX0_IRQHandler                      0x08000243   Thumb Code     0  startup_stm32f405xx.o(.text)
    CAN2_RX1_IRQHandler                      0x08000243   Thumb Code     0  startup_stm32f405xx.o(.text)
    CAN2_SCE_IRQHandler                      0x08000243   Thumb Code     0  startup_stm32f405xx.o(.text)
    CAN2_TX_IRQHandler                       0x08000243   Thumb Code     0  startup_stm32f405xx.o(.text)
    DMA1_Stream0_IRQHandler                  0x08000243   Thumb Code     0  startup_stm32f405xx.o(.text)
    DMA1_Stream1_IRQHandler                  0x08000243   Thumb Code     0  startup_stm32f405xx.o(.text)
    DMA1_Stream2_IRQHandler                  0x08000243   Thumb Code     0  startup_stm32f405xx.o(.text)
    DMA1_Stream3_IRQHandler                  0x08000243   Thumb Code     0  startup_stm32f405xx.o(.text)
    DMA1_Stream4_IRQHandler                  0x08000243   Thumb Code     0  startup_stm32f405xx.o(.text)
    DMA1_Stream5_IRQHandler                  0x08000243   Thumb Code     0  startup_stm32f405xx.o(.text)
    DMA1_Stream6_IRQHandler                  0x08000243   Thumb Code     0  startup_stm32f405xx.o(.text)
    DMA1_Stream7_IRQHandler                  0x08000243   Thumb Code     0  startup_stm32f405xx.o(.text)
    DMA2_Stream0_IRQHandler                  0x08000243   Thumb Code     0  startup_stm32f405xx.o(.text)
    DMA2_Stream1_IRQHandler                  0x08000243   Thumb Code     0  startup_stm32f405xx.o(.text)
    DMA2_Stream3_IRQHandler                  0x08000243   Thumb Code     0  startup_stm32f405xx.o(.text)
    DMA2_Stream4_IRQHandler                  0x08000243   Thumb Code     0  startup_stm32f405xx.o(.text)
    DMA2_Stream5_IRQHandler                  0x08000243   Thumb Code     0  startup_stm32f405xx.o(.text)
    DMA2_Stream6_IRQHandler                  0x08000243   Thumb Code     0  startup_stm32f405xx.o(.text)
    EXTI0_IRQHandler                         0x08000243   Thumb Code     0  startup_stm32f405xx.o(.text)
    EXTI1_IRQHandler                         0x08000243   Thumb Code     0  startup_stm32f405xx.o(.text)
    EXTI2_IRQHandler                         0x08000243   Thumb Code     0  startup_stm32f405xx.o(.text)
    EXTI3_IRQHandler                         0x08000243   Thumb Code     0  startup_stm32f405xx.o(.text)
    EXTI4_IRQHandler                         0x08000243   Thumb Code     0  startup_stm32f405xx.o(.text)
    EXTI9_5_IRQHandler                       0x08000243   Thumb Code     0  startup_stm32f405xx.o(.text)
    FLASH_IRQHandler                         0x08000243   Thumb Code     0  startup_stm32f405xx.o(.text)
    FMC_IRQHandler                           0x08000243   Thumb Code     0  startup_stm32f405xx.o(.text)
    FPU_IRQHandler                           0x08000243   Thumb Code     0  startup_stm32f405xx.o(.text)
    HASH_RNG_IRQHandler                      0x08000243   Thumb Code     0  startup_stm32f405xx.o(.text)
    I2C1_ER_IRQHandler                       0x08000243   Thumb Code     0  startup_stm32f405xx.o(.text)
    I2C1_EV_IRQHandler                       0x08000243   Thumb Code     0  startup_stm32f405xx.o(.text)
    I2C2_ER_IRQHandler                       0x08000243   Thumb Code     0  startup_stm32f405xx.o(.text)
    I2C2_EV_IRQHandler                       0x08000243   Thumb Code     0  startup_stm32f405xx.o(.text)
    I2C3_ER_IRQHandler                       0x08000243   Thumb Code     0  startup_stm32f405xx.o(.text)
    I2C3_EV_IRQHandler                       0x08000243   Thumb Code     0  startup_stm32f405xx.o(.text)
    OTG_FS_IRQHandler                        0x08000243   Thumb Code     0  startup_stm32f405xx.o(.text)
    OTG_FS_WKUP_IRQHandler                   0x08000243   Thumb Code     0  startup_stm32f405xx.o(.text)
    OTG_HS_EP1_IN_IRQHandler                 0x08000243   Thumb Code     0  startup_stm32f405xx.o(.text)
    OTG_HS_EP1_OUT_IRQHandler                0x08000243   Thumb Code     0  startup_stm32f405xx.o(.text)
    OTG_HS_IRQHandler                        0x08000243   Thumb Code     0  startup_stm32f405xx.o(.text)
    OTG_HS_WKUP_IRQHandler                   0x08000243   Thumb Code     0  startup_stm32f405xx.o(.text)
    PVD_IRQHandler                           0x08000243   Thumb Code     0  startup_stm32f405xx.o(.text)
    RCC_IRQHandler                           0x08000243   Thumb Code     0  startup_stm32f405xx.o(.text)
    RTC_Alarm_IRQHandler                     0x08000243   Thumb Code     0  startup_stm32f405xx.o(.text)
    RTC_WKUP_IRQHandler                      0x08000243   Thumb Code     0  startup_stm32f405xx.o(.text)
    SDIO_IRQHandler                          0x08000243   Thumb Code     0  startup_stm32f405xx.o(.text)
    SPI1_IRQHandler                          0x08000243   Thumb Code     0  startup_stm32f405xx.o(.text)
    SPI2_IRQHandler                          0x08000243   Thumb Code     0  startup_stm32f405xx.o(.text)
    SPI3_IRQHandler                          0x08000243   Thumb Code     0  startup_stm32f405xx.o(.text)
    TAMP_STAMP_IRQHandler                    0x08000243   Thumb Code     0  startup_stm32f405xx.o(.text)
    TIM1_BRK_TIM9_IRQHandler                 0x08000243   Thumb Code     0  startup_stm32f405xx.o(.text)
    TIM1_CC_IRQHandler                       0x08000243   Thumb Code     0  startup_stm32f405xx.o(.text)
    TIM1_TRG_COM_TIM11_IRQHandler            0x08000243   Thumb Code     0  startup_stm32f405xx.o(.text)
    TIM3_IRQHandler                          0x08000243   Thumb Code     0  startup_stm32f405xx.o(.text)
    TIM4_IRQHandler                          0x08000243   Thumb Code     0  startup_stm32f405xx.o(.text)
    TIM5_IRQHandler                          0x08000243   Thumb Code     0  startup_stm32f405xx.o(.text)
    TIM6_DAC_IRQHandler                      0x08000243   Thumb Code     0  startup_stm32f405xx.o(.text)
    TIM7_IRQHandler                          0x08000243   Thumb Code     0  startup_stm32f405xx.o(.text)
    TIM8_BRK_TIM12_IRQHandler                0x08000243   Thumb Code     0  startup_stm32f405xx.o(.text)
    TIM8_CC_IRQHandler                       0x08000243   Thumb Code     0  startup_stm32f405xx.o(.text)
    TIM8_TRG_COM_TIM14_IRQHandler            0x08000243   Thumb Code     0  startup_stm32f405xx.o(.text)
    TIM8_UP_TIM13_IRQHandler                 0x08000243   Thumb Code     0  startup_stm32f405xx.o(.text)
    UART4_IRQHandler                         0x08000243   Thumb Code     0  startup_stm32f405xx.o(.text)
    UART5_IRQHandler                         0x08000243   Thumb Code     0  startup_stm32f405xx.o(.text)
    USART2_IRQHandler                        0x08000243   Thumb Code     0  startup_stm32f405xx.o(.text)
    USART3_IRQHandler                        0x08000243   Thumb Code     0  startup_stm32f405xx.o(.text)
    USART6_IRQHandler                        0x08000243   Thumb Code     0  startup_stm32f405xx.o(.text)
    WWDG_IRQHandler                          0x08000243   Thumb Code     0  startup_stm32f405xx.o(.text)
    __user_initial_stackheap                 0x08000245   Thumb Code     0  startup_stm32f405xx.o(.text)
    __aeabi_uldivmod                         0x08000269   Thumb Code     0  lludivv7m.o(.text)
    _ll_udiv                                 0x08000269   Thumb Code   240  lludivv7m.o(.text)
    __aeabi_memcpy                           0x08000359   Thumb Code     0  rt_memcpy_v6.o(.text)
    __rt_memcpy                              0x08000359   Thumb Code   138  rt_memcpy_v6.o(.text)
    _memcpy_lastbytes                        0x080003bf   Thumb Code     0  rt_memcpy_v6.o(.text)
    __aeabi_memset4                          0x080003e3   Thumb Code    16  aeabi_memset4.o(.text)
    __aeabi_memset8                          0x080003e3   Thumb Code     0  aeabi_memset4.o(.text)
    __aeabi_memclr4                          0x080003f3   Thumb Code     0  rt_memclr_w.o(.text)
    __aeabi_memclr8                          0x080003f3   Thumb Code     0  rt_memclr_w.o(.text)
    __rt_memclr_w                            0x080003f3   Thumb Code     0  rt_memclr_w.o(.text)
    _memset_w                                0x080003f7   Thumb Code    74  rt_memclr_w.o(.text)
    __use_two_region_memory                  0x08000441   Thumb Code     2  heapauxi.o(.text)
    __rt_heap_escrow$2region                 0x08000443   Thumb Code     2  heapauxi.o(.text)
    __rt_heap_expand$2region                 0x08000445   Thumb Code     2  heapauxi.o(.text)
    __read_errno                             0x08000447   Thumb Code    10  _rserrno.o(.text)
    __set_errno                              0x08000451   Thumb Code    12  _rserrno.o(.text)
    __aeabi_memcpy4                          0x0800045d   Thumb Code     0  rt_memcpy_w.o(.text)
    __aeabi_memcpy8                          0x0800045d   Thumb Code     0  rt_memcpy_w.o(.text)
    __rt_memcpy_w                            0x0800045d   Thumb Code   100  rt_memcpy_w.o(.text)
    _memcpy_lastbytes_aligned                0x080004a5   Thumb Code     0  rt_memcpy_w.o(.text)
    __aeabi_errno_addr                       0x080004c1   Thumb Code     8  rt_errno_addr_intlibspace.o(.text)
    __errno$intlibspace                      0x080004c1   Thumb Code     0  rt_errno_addr_intlibspace.o(.text)
    __rt_errno_addr$intlibspace              0x080004c1   Thumb Code     0  rt_errno_addr_intlibspace.o(.text)
    __user_libspace                          0x080004c9   Thumb Code     8  libspace.o(.text)
    __user_perproc_libspace                  0x080004c9   Thumb Code     0  libspace.o(.text)
    __user_perthread_libspace                0x080004c9   Thumb Code     0  libspace.o(.text)
    __user_setup_stackheap                   0x080004d1   Thumb Code    74  sys_stackheap_outer.o(.text)
    exit                                     0x0800051b   Thumb Code    18  exit.o(.text)
    _sys_exit                                0x0800052d   Thumb Code     8  sys_exit.o(.text)
    __I$use$semihosting                      0x08000539   Thumb Code     0  use_no_semi.o(.text)
    __use_no_semihosting_swi                 0x08000539   Thumb Code     2  use_no_semi.o(.text)
    __semihosting_library_function           0x0800053b   Thumb Code     0  indicate_semi.o(.text)
    BEEP_Task                                0x0800053d   Thumb Code    16  freertos.o(.text.BEEP_Task)
    Beep_Init                                0x0800054d   Thumb Code    20  beep.o(.text.Beep_Init)
    BusFault_Handler                         0x08000561   Thumb Code     4  stm32f4xx_it.o(.text.BusFault_Handler)
    CAN1_RX0_IRQHandler                      0x08000565   Thumb Code    16  stm32f4xx_it.o(.text.CAN1_RX0_IRQHandler)
    CAN1_RX1_IRQHandler                      0x08000575   Thumb Code    16  stm32f4xx_it.o(.text.CAN1_RX1_IRQHandler)
    DMA2_Stream2_IRQHandler                  0x08000585   Thumb Code    16  stm32f4xx_it.o(.text.DMA2_Stream2_IRQHandler)
    DMA2_Stream7_IRQHandler                  0x08000595   Thumb Code    16  stm32f4xx_it.o(.text.DMA2_Stream7_IRQHandler)
    DebugMon_Handler                         0x0800073d   Thumb Code     2  stm32f4xx_it.o(.text.DebugMon_Handler)
    EXTI15_10_IRQHandler                     0x08000741   Thumb Code    12  stm32f4xx_it.o(.text.EXTI15_10_IRQHandler)
    Error_Handler                            0x0800074d   Thumb Code     6  main.o(.text.Error_Handler)
    HAL_CAN_ActivateNotification             0x08000755   Thumb Code    82  stm32f4xx_hal_can.o(.text.HAL_CAN_ActivateNotification)
    HAL_CAN_AddTxMessage                     0x080007a9   Thumb Code   342  stm32f4xx_hal_can.o(.text.HAL_CAN_AddTxMessage)
    HAL_CAN_ConfigFilter                     0x08000901   Thumb Code   414  stm32f4xx_hal_can.o(.text.HAL_CAN_ConfigFilter)
    HAL_CAN_ErrorCallback                    0x08000aa1   Thumb Code     8  stm32f4xx_hal_can.o(.text.HAL_CAN_ErrorCallback)
    HAL_CAN_IRQHandler                       0x08000aa9   Thumb Code  1010  stm32f4xx_hal_can.o(.text.HAL_CAN_IRQHandler)
    HAL_CAN_Init                             0x08000e9d   Thumb Code   478  stm32f4xx_hal_can.o(.text.HAL_CAN_Init)
    HAL_CAN_MspInit                          0x0800107d   Thumb Code   184  can.o(.text.HAL_CAN_MspInit)
    HAL_CAN_RxFifo0FullCallback              0x08001135   Thumb Code     8  stm32f4xx_hal_can.o(.text.HAL_CAN_RxFifo0FullCallback)
    HAL_CAN_RxFifo0MsgPendingCallback        0x0800113d   Thumb Code     8  stm32f4xx_hal_can.o(.text.HAL_CAN_RxFifo0MsgPendingCallback)
    HAL_CAN_RxFifo1FullCallback              0x08001145   Thumb Code     8  stm32f4xx_hal_can.o(.text.HAL_CAN_RxFifo1FullCallback)
    HAL_CAN_RxFifo1MsgPendingCallback        0x0800114d   Thumb Code     8  stm32f4xx_hal_can.o(.text.HAL_CAN_RxFifo1MsgPendingCallback)
    HAL_CAN_SleepCallback                    0x08001155   Thumb Code     8  stm32f4xx_hal_can.o(.text.HAL_CAN_SleepCallback)
    HAL_CAN_Start                            0x0800115d   Thumb Code   138  stm32f4xx_hal_can.o(.text.HAL_CAN_Start)
    HAL_CAN_TxMailbox0AbortCallback          0x080011e9   Thumb Code     8  stm32f4xx_hal_can.o(.text.HAL_CAN_TxMailbox0AbortCallback)
    HAL_CAN_TxMailbox0CompleteCallback       0x080011f1   Thumb Code     8  stm32f4xx_hal_can.o(.text.HAL_CAN_TxMailbox0CompleteCallback)
    HAL_CAN_TxMailbox1AbortCallback          0x080011f9   Thumb Code     8  stm32f4xx_hal_can.o(.text.HAL_CAN_TxMailbox1AbortCallback)
    HAL_CAN_TxMailbox1CompleteCallback       0x08001201   Thumb Code     8  stm32f4xx_hal_can.o(.text.HAL_CAN_TxMailbox1CompleteCallback)
    HAL_CAN_TxMailbox2AbortCallback          0x08001209   Thumb Code     8  stm32f4xx_hal_can.o(.text.HAL_CAN_TxMailbox2AbortCallback)
    HAL_CAN_TxMailbox2CompleteCallback       0x08001211   Thumb Code     8  stm32f4xx_hal_can.o(.text.HAL_CAN_TxMailbox2CompleteCallback)
    HAL_CAN_WakeUpFromRxMsgCallback          0x08001219   Thumb Code     8  stm32f4xx_hal_can.o(.text.HAL_CAN_WakeUpFromRxMsgCallback)
    HAL_DMA_Abort                            0x08001221   Thumb Code   236  stm32f4xx_hal_dma.o(.text.HAL_DMA_Abort)
    HAL_DMA_Abort_IT                         0x0800130d   Thumb Code    68  stm32f4xx_hal_dma.o(.text.HAL_DMA_Abort_IT)
    HAL_DMA_IRQHandler                       0x08001351   Thumb Code   798  stm32f4xx_hal_dma.o(.text.HAL_DMA_IRQHandler)
    HAL_DMA_Init                             0x08001671   Thumb Code   366  stm32f4xx_hal_dma.o(.text.HAL_DMA_Init)
    HAL_DMA_Start_IT                         0x080017e1   Thumb Code   194  stm32f4xx_hal_dma.o(.text.HAL_DMA_Start_IT)
    HAL_GPIO_EXTI_Callback                   0x080018a5   Thumb Code   112  exti_irqhandler.o(.text.HAL_GPIO_EXTI_Callback)
    HAL_GPIO_EXTI_IRQHandler                 0x08001915   Thumb Code    56  stm32f4xx_hal_gpio.o(.text.HAL_GPIO_EXTI_IRQHandler)
    HAL_GPIO_Init                            0x0800194d   Thumb Code   950  stm32f4xx_hal_gpio.o(.text.HAL_GPIO_Init)
    HAL_GPIO_WritePin                        0x08001d05   Thumb Code    46  stm32f4xx_hal_gpio.o(.text.HAL_GPIO_WritePin)
    HAL_GetTick                              0x08001d35   Thumb Code    12  stm32f4xx_hal.o(.text.HAL_GetTick)
    HAL_Init                                 0x08001d41   Thumb Code    54  stm32f4xx_hal.o(.text.HAL_Init)
    HAL_InitTick                             0x08001d79   Thumb Code   218  stm32f4xx_hal_timebase_tim.o(.text.HAL_InitTick)
    HAL_MspInit                              0x08001e55   Thumb Code    88  stm32f4xx_hal_msp.o(.text.HAL_MspInit)
    HAL_NVIC_EnableIRQ                       0x08001ead   Thumb Code    20  stm32f4xx_hal_cortex.o(.text.HAL_NVIC_EnableIRQ)
    HAL_NVIC_SetPriority                     0x08001ec1   Thumb Code    50  stm32f4xx_hal_cortex.o(.text.HAL_NVIC_SetPriority)
    HAL_NVIC_SetPriorityGrouping             0x08001ef5   Thumb Code    16  stm32f4xx_hal_cortex.o(.text.HAL_NVIC_SetPriorityGrouping)
    HAL_RCC_ClockConfig                      0x08001f05   Thumb Code   610  stm32f4xx_hal_rcc.o(.text.HAL_RCC_ClockConfig)
    HAL_RCC_GetClockConfig                   0x08002169   Thumb Code    84  stm32f4xx_hal_rcc.o(.text.HAL_RCC_GetClockConfig)
    HAL_RCC_GetHCLKFreq                      0x080021bd   Thumb Code    12  stm32f4xx_hal_rcc.o(.text.HAL_RCC_GetHCLKFreq)
    HAL_RCC_GetPCLK1Freq                     0x080021c9   Thumb Code    34  stm32f4xx_hal_rcc.o(.text.HAL_RCC_GetPCLK1Freq)
    HAL_RCC_GetPCLK2Freq                     0x080021ed   Thumb Code    34  stm32f4xx_hal_rcc.o(.text.HAL_RCC_GetPCLK2Freq)
    HAL_RCC_GetSysClockFreq                  0x08002211   Thumb Code   230  stm32f4xx_hal_rcc.o(.text.HAL_RCC_GetSysClockFreq)
    HAL_RCC_OscConfig                        0x080022f9   Thumb Code  1726  stm32f4xx_hal_rcc.o(.text.HAL_RCC_OscConfig)
    HAL_TIMEx_BreakCallback                  0x080029b9   Thumb Code     8  stm32f4xx_hal_tim_ex.o(.text.HAL_TIMEx_BreakCallback)
    HAL_TIMEx_CommutCallback                 0x080029c1   Thumb Code     8  stm32f4xx_hal_tim_ex.o(.text.HAL_TIMEx_CommutCallback)
    HAL_TIMEx_MasterConfigSynchronization    0x080029c9   Thumb Code   290  stm32f4xx_hal_tim_ex.o(.text.HAL_TIMEx_MasterConfigSynchronization)
    HAL_TIM_Base_Init                        0x08002aed   Thumb Code   156  stm32f4xx_hal_tim.o(.text.HAL_TIM_Base_Init)
    HAL_TIM_Base_MspInit                     0x08002b89   Thumb Code   132  tim.o(.text.HAL_TIM_Base_MspInit)
    HAL_TIM_Base_Start_IT                    0x08002c0d   Thumb Code   246  stm32f4xx_hal_tim.o(.text.HAL_TIM_Base_Start_IT)
    HAL_TIM_ConfigClockSource                0x08002d05   Thumb Code   388  stm32f4xx_hal_tim.o(.text.HAL_TIM_ConfigClockSource)
    HAL_TIM_GenerateEvent                    0x08002e89   Thumb Code    92  stm32f4xx_hal_tim.o(.text.HAL_TIM_GenerateEvent)
    HAL_TIM_IC_CaptureCallback               0x08002ee5   Thumb Code     8  stm32f4xx_hal_tim.o(.text.HAL_TIM_IC_CaptureCallback)
    HAL_TIM_IRQHandler                       0x08002eed   Thumb Code   538  stm32f4xx_hal_tim.o(.text.HAL_TIM_IRQHandler)
    HAL_TIM_MspPostInit                      0x08003109   Thumb Code   104  tim.o(.text.HAL_TIM_MspPostInit)
    HAL_TIM_OC_DelayElapsedCallback          0x08003171   Thumb Code     8  stm32f4xx_hal_tim.o(.text.HAL_TIM_OC_DelayElapsedCallback)
    HAL_TIM_PWM_ConfigChannel                0x08003179   Thumb Code   322  stm32f4xx_hal_tim.o(.text.HAL_TIM_PWM_ConfigChannel)
    HAL_TIM_PWM_Init                         0x080032bd   Thumb Code   156  stm32f4xx_hal_tim.o(.text.HAL_TIM_PWM_Init)
    HAL_TIM_PWM_MspInit                      0x08003359   Thumb Code     8  stm32f4xx_hal_tim.o(.text.HAL_TIM_PWM_MspInit)
    HAL_TIM_PWM_PulseFinishedCallback        0x08003361   Thumb Code     8  stm32f4xx_hal_tim.o(.text.HAL_TIM_PWM_PulseFinishedCallback)
    HAL_TIM_PWM_Start                        0x08003369   Thumb Code   458  stm32f4xx_hal_tim.o(.text.HAL_TIM_PWM_Start)
    HAL_TIM_PeriodElapsedCallback            0x08003535   Thumb Code    54  main.o(.text.HAL_TIM_PeriodElapsedCallback)
    HAL_TIM_TriggerCallback                  0x0800356d   Thumb Code     8  stm32f4xx_hal_tim.o(.text.HAL_TIM_TriggerCallback)
    HAL_UARTEx_ReceiveToIdle_DMA             0x08003575   Thumb Code   184  stm32f4xx_hal_uart.o(.text.HAL_UARTEx_ReceiveToIdle_DMA)
    HAL_UARTEx_RxEventCallback               0x0800362d   Thumb Code   146  uart_irqhandler.o(.text.HAL_UARTEx_RxEventCallback)
    HAL_UART_ErrorCallback                   0x080036c1   Thumb Code     8  stm32f4xx_hal_uart.o(.text.HAL_UART_ErrorCallback)
    HAL_UART_IRQHandler                      0x080036c9   Thumb Code  1116  stm32f4xx_hal_uart.o(.text.HAL_UART_IRQHandler)
    HAL_UART_Init                            0x08003b25   Thumb Code   158  stm32f4xx_hal_uart.o(.text.HAL_UART_Init)
    HAL_UART_MspInit                         0x08003bc5   Thumb Code   384  usart.o(.text.HAL_UART_MspInit)
    HAL_UART_Receive_IT                      0x08003d45   Thumb Code    86  stm32f4xx_hal_uart.o(.text.HAL_UART_Receive_IT)
    HAL_UART_RxCpltCallback                  0x08003d9d   Thumb Code   124  uart_irqhandler.o(.text.HAL_UART_RxCpltCallback)
    HAL_UART_RxHalfCpltCallback              0x08003e19   Thumb Code     8  stm32f4xx_hal_uart.o(.text.HAL_UART_RxHalfCpltCallback)
    HAL_UART_TxCpltCallback                  0x08003e21   Thumb Code     8  stm32f4xx_hal_uart.o(.text.HAL_UART_TxCpltCallback)
    HardFault_Handler                        0x08003e29   Thumb Code     4  stm32f4xx_it.o(.text.HardFault_Handler)
    LED_Task                                 0x08003e2d   Thumb Code    16  freertos.o(.text.LED_Task)
    MX_CAN1_Init                             0x08003e3d   Thumb Code   344  can.o(.text.MX_CAN1_Init)
    MX_DMA_Init                              0x08003f95   Thumb Code    82  dma.o(.text.MX_DMA_Init)
    MX_FREERTOS_Init                         0x08003fe9   Thumb Code    74  freertos.o(.text.MX_FREERTOS_Init)
    MX_GPIO_Init                             0x08004035   Thumb Code   220  gpio.o(.text.MX_GPIO_Init)
    MX_TIM2_Init                             0x08004111   Thumb Code   150  tim.o(.text.MX_TIM2_Init)
    MX_TIM3_Init                             0x080041a9   Thumb Code   262  tim.o(.text.MX_TIM3_Init)
    MX_USART1_UART_Init                      0x080042b1   Thumb Code    64  usart.o(.text.MX_USART1_UART_Init)
    MemManage_Handler                        0x080042f1   Thumb Code     4  stm32f4xx_it.o(.text.MemManage_Handler)
    NMI_Handler                              0x080042f5   Thumb Code     4  stm32f4xx_it.o(.text.NMI_Handler)
    PendSV_Handler                           0x08004371   Thumb Code   100  port.o(.text.PendSV_Handler)
    SVC_Handler                              0x080043e1   Thumb Code    36  port.o(.text.SVC_Handler)
    SysTick_Handler                          0x08004415   Thumb Code    30  cmsis_os2.o(.text.SysTick_Handler)
    SystemClock_Config                       0x08004435   Thumb Code   190  main.o(.text.SystemClock_Config)
    SystemInit                               0x080044f5   Thumb Code    18  system_stm32f4xx.o(.text.SystemInit)
    TIM1_UP_TIM10_IRQHandler                 0x08004509   Thumb Code    16  stm32f4xx_it.o(.text.TIM1_UP_TIM10_IRQHandler)
    TIM2_IRQHandler                          0x08004519   Thumb Code    16  stm32f4xx_it.o(.text.TIM2_IRQHandler)
    TIM_Base_SetConfig                       0x08004529   Thumb Code   420  stm32f4xx_hal_tim.o(.text.TIM_Base_SetConfig)
    TIM_CCxChannelCmd                        0x080046cd   Thumb Code    54  stm32f4xx_hal_tim.o(.text.TIM_CCxChannelCmd)
    TIM_ETR_SetConfig                        0x08004705   Thumb Code    52  stm32f4xx_hal_tim.o(.text.TIM_ETR_SetConfig)
    TIM_OC2_SetConfig                        0x08004851   Thumb Code   244  stm32f4xx_hal_tim.o(.text.TIM_OC2_SetConfig)
    TIM_PeriodElapsedCallback                0x08004add   Thumb Code   238  tim_irqhandler.o(.text.TIM_PeriodElapsedCallback)
    TIM_PeriodElapsedCallback_1              0x08004bcd   Thumb Code   256  tim_irqhandler_1.o(.text.TIM_PeriodElapsedCallback_1)
    UART_Start_Receive                       0x080052c9   Thumb Code    26  uart_irqhandler.o(.text.UART_Start_Receive)
    UART_Start_Receive_DMA                   0x080052e5   Thumb Code   304  stm32f4xx_hal_uart.o(.text.UART_Start_Receive_DMA)
    UART_Start_Receive_IT                    0x08005415   Thumb Code    98  stm32f4xx_hal_uart.o(.text.UART_Start_Receive_IT)
    USART1_IRQHandler                        0x0800550d   Thumb Code    16  stm32f4xx_it.o(.text.USART1_IRQHandler)
    UsageFault_Handler                       0x0800551d   Thumb Code     4  stm32f4xx_it.o(.text.UsageFault_Handler)
    led_init                                 0x08005625   Thumb Code    36  led.o(.text.led_init)
    main                                     0x08005649   Thumb Code    68  main.o(.text.main)
    osDelay                                  0x0800568d   Thumb Code    52  cmsis_os2.o(.text.osDelay)
    osKernelInitialize                       0x080056c1   Thumb Code    70  cmsis_os2.o(.text.osKernelInitialize)
    osKernelStart                            0x08005709   Thumb Code    82  cmsis_os2.o(.text.osKernelStart)
    osThreadNew                              0x0800575d   Thumb Code   346  cmsis_os2.o(.text.osThreadNew)
    pvPortMalloc                             0x0800675d   Thumb Code   492  heap_4.o(.text.pvPortMalloc)
    pxPortInitialiseStack                    0x08006949   Thumb Code    94  port.o(.text.pxPortInitialiseStack)
    uxListRemove                             0x080069a9   Thumb Code    72  list.o(.text.uxListRemove)
    vApplicationGetIdleTaskMemory            0x080069f1   Thumb Code    42  cmsis_os2.o(.text.vApplicationGetIdleTaskMemory)
    vApplicationGetTimerTaskMemory           0x08006a1d   Thumb Code    44  cmsis_os2.o(.text.vApplicationGetTimerTaskMemory)
    vListInitialise                          0x08006a49   Thumb Code    46  list.o(.text.vListInitialise)
    vListInitialiseItem                      0x08006a79   Thumb Code    14  list.o(.text.vListInitialiseItem)
    vListInsert                              0x08006a89   Thumb Code   106  list.o(.text.vListInsert)
    vListInsertEnd                           0x08006af5   Thumb Code    58  list.o(.text.vListInsertEnd)
    vPortEnterCritical                       0x08006b45   Thumb Code    86  port.o(.text.vPortEnterCritical)
    vPortExitCritical                        0x08006b9d   Thumb Code    74  port.o(.text.vPortExitCritical)
    vPortFree                                0x08006be9   Thumb Code   206  heap_4.o(.text.vPortFree)
    vPortSetupTimerInterrupt                 0x08006cb9   Thumb Code    68  port.o(.text.vPortSetupTimerInterrupt)
    vPortValidateInterruptPriority           0x08006cfd   Thumb Code   132  port.o(.text.vPortValidateInterruptPriority)
    vQueueAddToRegistry                      0x08006d81   Thumb Code    82  queue.o(.text.vQueueAddToRegistry)
    vQueueWaitForMessageRestricted           0x08006dd5   Thumb Code   100  queue.o(.text.vQueueWaitForMessageRestricted)
    vTaskDelay                               0x08006e39   Thumb Code   110  tasks.o(.text.vTaskDelay)
    vTaskInternalSetTimeOutState             0x08006ea9   Thumb Code    36  tasks.o(.text.vTaskInternalSetTimeOutState)
    vTaskMissedYield                         0x08006ecd   Thumb Code    14  tasks.o(.text.vTaskMissedYield)
    vTaskPlaceOnEventList                    0x08006edd   Thumb Code    66  tasks.o(.text.vTaskPlaceOnEventList)
    vTaskPlaceOnEventListRestricted          0x08006f21   Thumb Code    82  tasks.o(.text.vTaskPlaceOnEventListRestricted)
    vTaskStartScheduler                      0x08006f75   Thumb Code   224  tasks.o(.text.vTaskStartScheduler)
    vTaskSuspendAll                          0x08007055   Thumb Code    16  tasks.o(.text.vTaskSuspendAll)
    vTaskSwitchContext                       0x08007065   Thumb Code   198  tasks.o(.text.vTaskSwitchContext)
    xPortStartScheduler                      0x0800712d   Thumb Code   342  port.o(.text.xPortStartScheduler)
    xPortSysTickHandler                      0x08007285   Thumb Code    60  port.o(.text.xPortSysTickHandler)
    xQueueGenericCreateStatic                0x080072c1   Thumb Code   270  queue.o(.text.xQueueGenericCreateStatic)
    xQueueGenericReset                       0x080073d1   Thumb Code   186  queue.o(.text.xQueueGenericReset)
    xQueueGenericSend                        0x0800748d   Thumb Code   556  queue.o(.text.xQueueGenericSend)
    xQueueGenericSendFromISR                 0x080076b9   Thumb Code   332  queue.o(.text.xQueueGenericSendFromISR)
    xQueueReceive                            0x08007805   Thumb Code   476  queue.o(.text.xQueueReceive)
    xTaskCheckForTimeOut                     0x080079e1   Thumb Code   204  tasks.o(.text.xTaskCheckForTimeOut)
    xTaskCreate                              0x08007aad   Thumb Code   158  tasks.o(.text.xTaskCreate)
    xTaskCreateStatic                        0x08007b4d   Thumb Code   206  tasks.o(.text.xTaskCreateStatic)
    xTaskGetSchedulerState                   0x08007c1d   Thumb Code    56  tasks.o(.text.xTaskGetSchedulerState)
    xTaskGetTickCount                        0x08007c55   Thumb Code    20  tasks.o(.text.xTaskGetTickCount)
    xTaskIncrementTick                       0x08007c69   Thumb Code   452  tasks.o(.text.xTaskIncrementTick)
    xTaskPriorityDisinherit                  0x08007e2d   Thumb Code   236  tasks.o(.text.xTaskPriorityDisinherit)
    xTaskRemoveFromEventList                 0x08007f19   Thumb Code   206  tasks.o(.text.xTaskRemoveFromEventList)
    xTaskResumeAll                           0x08007fe9   Thumb Code   390  tasks.o(.text.xTaskResumeAll)
    xTimerCreateTimerTask                    0x08008171   Thumb Code   148  timers.o(.text.xTimerCreateTimerTask)
    xTimerGenericCommand                     0x08008205   Thumb Code   176  timers.o(.text.xTimerGenericCommand)
    __ARM_fpclassify                         0x080082b5   Thumb Code    48  fpclassify.o(i.__ARM_fpclassify)
    __hardfp_sin                             0x080082e9   Thumb Code   180  sin.o(i.__hardfp_sin)
    __ieee754_rem_pio2                       0x080083b1   Thumb Code   938  rred.o(i.__ieee754_rem_pio2)
    __kernel_cos                             0x080087e9   Thumb Code   322  cos_i.o(i.__kernel_cos)
    __kernel_poly                            0x08008959   Thumb Code   248  poly.o(i.__kernel_poly)
    __kernel_sin                             0x08008a51   Thumb Code   280  sin_i.o(i.__kernel_sin)
    __mathlib_dbl_infnan                     0x08008b81   Thumb Code    20  dunder.o(i.__mathlib_dbl_infnan)
    __mathlib_dbl_invalid                    0x08008b99   Thumb Code    24  dunder.o(i.__mathlib_dbl_invalid)
    __mathlib_dbl_underflow                  0x08008bb9   Thumb Code    24  dunder.o(i.__mathlib_dbl_underflow)
    fabs                                     0x08008bd9   Thumb Code    24  fabs.o(i.fabs)
    __aeabi_dneg                             0x08008bf1   Thumb Code     0  basic.o(x$fpl$basic)
    _dneg                                    0x08008bf1   Thumb Code     6  basic.o(x$fpl$basic)
    __aeabi_fneg                             0x08008bf7   Thumb Code     0  basic.o(x$fpl$basic)
    _fneg                                    0x08008bf7   Thumb Code     6  basic.o(x$fpl$basic)
    _dabs                                    0x08008bfd   Thumb Code     6  basic.o(x$fpl$basic)
    _fabs                                    0x08008c03   Thumb Code     6  basic.o(x$fpl$basic)
    __aeabi_d2f                              0x08008c09   Thumb Code     0  d2f.o(x$fpl$d2f)
    _d2f                                     0x08008c09   Thumb Code    98  d2f.o(x$fpl$d2f)
    __aeabi_dadd                             0x08008c6d   Thumb Code     0  daddsub_clz.o(x$fpl$dadd)
    _dadd                                    0x08008c6d   Thumb Code   332  daddsub_clz.o(x$fpl$dadd)
    __aeabi_ddiv                             0x08008dbd   Thumb Code     0  ddiv.o(x$fpl$ddiv)
    _ddiv                                    0x08008dbd   Thumb Code   556  ddiv.o(x$fpl$ddiv)
    __aeabi_d2iz                             0x08009071   Thumb Code     0  dfix.o(x$fpl$dfix)
    _dfix                                    0x08009071   Thumb Code    94  dfix.o(x$fpl$dfix)
    __aeabi_i2d                              0x080090cf   Thumb Code     0  dflt_clz.o(x$fpl$dflt)
    _dflt                                    0x080090cf   Thumb Code    46  dflt_clz.o(x$fpl$dflt)
    __aeabi_ui2d                             0x080090fd   Thumb Code     0  dflt_clz.o(x$fpl$dfltu)
    _dfltu                                   0x080090fd   Thumb Code    38  dflt_clz.o(x$fpl$dfltu)
    __aeabi_dmul                             0x08009125   Thumb Code     0  dmul.o(x$fpl$dmul)
    _dmul                                    0x08009125   Thumb Code   332  dmul.o(x$fpl$dmul)
    __fpl_dnaninf                            0x08009279   Thumb Code   156  dnaninf.o(x$fpl$dnaninf)
    __fpl_dretinf                            0x08009315   Thumb Code    12  dretinf.o(x$fpl$dretinf)
    __aeabi_drsub                            0x08009321   Thumb Code     0  daddsub_clz.o(x$fpl$drsb)
    _drsb                                    0x08009321   Thumb Code    22  daddsub_clz.o(x$fpl$drsb)
    __aeabi_dsub                             0x08009339   Thumb Code     0  daddsub_clz.o(x$fpl$dsub)
    _dsub                                    0x08009339   Thumb Code   472  daddsub_clz.o(x$fpl$dsub)
    __aeabi_f2d                              0x08009515   Thumb Code     0  f2d.o(x$fpl$f2d)
    _f2d                                     0x08009515   Thumb Code    86  f2d.o(x$fpl$f2d)
    __fpl_fnaninf                            0x0800956b   Thumb Code   140  fnaninf.o(x$fpl$fnaninf)
    _fp_init                                 0x080095f7   Thumb Code    26  fpinit.o(x$fpl$fpinit)
    __fplib_config_fpu_vfp                   0x0800960f   Thumb Code     0  fpinit.o(x$fpl$fpinit)
    __fplib_config_pureend_doubles           0x0800960f   Thumb Code     0  fpinit.o(x$fpl$fpinit)
    __fpl_fretinf                            0x08009611   Thumb Code    10  fretinf.o(x$fpl$fretinf)
    __I$use$fp                               0x0800961a   Number         0  usenofp.o(x$fpl$usenofp)
    AHBPrescTable                            0x08009748   Data          16  system_stm32f4xx.o(.rodata.AHBPrescTable)
    APBPrescTable                            0x08009758   Data           8  system_stm32f4xx.o(.rodata.APBPrescTable)
    BuzzerTask_attributes                    0x08009760   Data          36  freertos.o(.rodata.BuzzerTask_attributes)
    LEDTask_attributes                       0x0800978c   Data          36  freertos.o(.rodata.LEDTask_attributes)
    Region$$Table$$Base                      0x080097d8   Number         0  anon$$obj.o(Region$$Table)
    Region$$Table$$Limit                     0x080097f8   Number         0  anon$$obj.o(Region$$Table)
    SystemCoreClock                          0x20000000   Data           4  system_stm32f4xx.o(.data.SystemCoreClock)
    uwTickPrio                               0x20000008   Data           4  stm32f4xx_hal.o(.data.uwTickPrio)
    __libspace_start                         0x20000010   Data          96  libspace.o(.bss)
    BEEPTaskBuffer                           0x20000070   Data         512  freertos.o(.bss.BEEPTaskBuffer)
    __temporary_stack_top$libspace           0x20000070   Data           0  libspace.o(.bss)
    BEEPTaskControlBlock                     0x20000270   Data          92  freertos.o(.bss.BEEPTaskControlBlock)
    BEEP_Trigger                             0x200002cc   Data           1  beep.o(.bss.BEEP_Trigger)
    BuzzerTaskHandle                         0x200002d0   Data           4  freertos.o(.bss.BuzzerTaskHandle)
    LEDTaskHandle                            0x200002d8   Data           4  freertos.o(.bss.LEDTaskHandle)
    hcan1                                    0x200002e0   Data          40  can.o(.bss.hcan1)
    hdma_usart1_rx                           0x20000308   Data          96  usart.o(.bss.hdma_usart1_rx)
    hdma_usart1_tx                           0x20000368   Data          96  usart.o(.bss.hdma_usart1_tx)
    htim1                                    0x200003c8   Data          72  stm32f4xx_hal_timebase_tim.o(.bss.htim1)
    htim2                                    0x20000410   Data          72  tim.o(.bss.htim2)
    htim3                                    0x20000458   Data          72  tim.o(.bss.htim3)
    huart1                                   0x200004a0   Data          72  usart.o(.bss.huart1)
    led_T                                    0x200004e8   Data           2  led.o(.bss.led_T)
    led_bre                                  0x200004ea   Data           1  tim_irqhandler.o(.bss.led_bre)
    num                                      0x200004eb   Data           1  exti_irqhandler.o(.bss.num)
    pxCurrentTCB                             0x200005e0   Data           4  tasks.o(.bss.pxCurrentTCB)
    rx_buffer                                0x20000a58   Data           5  uart_irqhandler.o(.bss.rx_buffer)
    tim_count                                0x20000a5e   Data           2  tim_irqhandler.o(.bss.tim_count)
    time_now                                 0x20000a60   Data           1  exti_irqhandler.o(.bss.time_now)
    time_period                              0x20000a61   Data           1  exti_irqhandler.o(.bss.time_period)
    uwTick                                   0x20004668   Data           4  stm32f4xx_hal.o(.bss.uwTick)
    xQueueRegistry                           0x20004dc0   Data          64  queue.o(.bss.xQueueRegistry)



==============================================================================

Memory Map of the image

  Image Entry point : 0x08000189

  Load Region LR_IROM1 (Base: 0x08000000, Size: 0x00009808, Max: 0x00100000, ABSOLUTE)

    Execution Region ER_IROM1 (Exec base: 0x08000000, Load base: 0x08000000, Size: 0x000097f8, Max: 0x00100000, ABSOLUTE)

    Exec Addr    Load Addr    Size         Type   Attr      Idx    E Section Name        Object

    0x08000000   0x08000000   0x00000188   Data   RO            3    RESET               startup_stm32f405xx.o
    0x08000188   0x08000188   0x00000008   Code   RO         1933  * !!!main             c_w.l(__main.o)
    0x08000190   0x08000190   0x00000034   Code   RO         2195    !!!scatter          c_w.l(__scatter.o)
    0x080001c4   0x080001c4   0x0000001a   Code   RO         2197    !!handler_copy      c_w.l(__scatter_copy.o)
    0x080001de   0x080001de   0x00000002   PAD
    0x080001e0   0x080001e0   0x0000001c   Code   RO         2199    !!handler_zi        c_w.l(__scatter_zi.o)
    0x080001fc   0x080001fc   0x00000002   Code   RO         2060    .ARM.Collect$$libinit$$00000000  c_w.l(libinit.o)
    0x080001fe   0x080001fe   0x00000004   Code   RO         2069    .ARM.Collect$$libinit$$00000001  c_w.l(libinit2.o)
    0x08000202   0x08000202   0x00000000   Code   RO         2072    .ARM.Collect$$libinit$$00000004  c_w.l(libinit2.o)
    0x08000202   0x08000202   0x00000000   Code   RO         2074    .ARM.Collect$$libinit$$00000006  c_w.l(libinit2.o)
    0x08000202   0x08000202   0x00000000   Code   RO         2077    .ARM.Collect$$libinit$$0000000C  c_w.l(libinit2.o)
    0x08000202   0x08000202   0x00000000   Code   RO         2079    .ARM.Collect$$libinit$$0000000E  c_w.l(libinit2.o)
    0x08000202   0x08000202   0x00000000   Code   RO         2081    .ARM.Collect$$libinit$$00000010  c_w.l(libinit2.o)
    0x08000202   0x08000202   0x00000000   Code   RO         2084    .ARM.Collect$$libinit$$00000013  c_w.l(libinit2.o)
    0x08000202   0x08000202   0x00000000   Code   RO         2086    .ARM.Collect$$libinit$$00000015  c_w.l(libinit2.o)
    0x08000202   0x08000202   0x00000000   Code   RO         2088    .ARM.Collect$$libinit$$00000017  c_w.l(libinit2.o)
    0x08000202   0x08000202   0x00000000   Code   RO         2090    .ARM.Collect$$libinit$$00000019  c_w.l(libinit2.o)
    0x08000202   0x08000202   0x00000000   Code   RO         2092    .ARM.Collect$$libinit$$0000001B  c_w.l(libinit2.o)
    0x08000202   0x08000202   0x00000000   Code   RO         2094    .ARM.Collect$$libinit$$0000001D  c_w.l(libinit2.o)
    0x08000202   0x08000202   0x00000000   Code   RO         2096    .ARM.Collect$$libinit$$0000001F  c_w.l(libinit2.o)
    0x08000202   0x08000202   0x00000000   Code   RO         2098    .ARM.Collect$$libinit$$00000021  c_w.l(libinit2.o)
    0x08000202   0x08000202   0x00000000   Code   RO         2100    .ARM.Collect$$libinit$$00000023  c_w.l(libinit2.o)
    0x08000202   0x08000202   0x00000000   Code   RO         2102    .ARM.Collect$$libinit$$00000025  c_w.l(libinit2.o)
    0x08000202   0x08000202   0x00000000   Code   RO         2104    .ARM.Collect$$libinit$$00000027  c_w.l(libinit2.o)
    0x08000202   0x08000202   0x00000000   Code   RO         2108    .ARM.Collect$$libinit$$0000002E  c_w.l(libinit2.o)
    0x08000202   0x08000202   0x00000000   Code   RO         2110    .ARM.Collect$$libinit$$00000030  c_w.l(libinit2.o)
    0x08000202   0x08000202   0x00000000   Code   RO         2112    .ARM.Collect$$libinit$$00000032  c_w.l(libinit2.o)
    0x08000202   0x08000202   0x00000000   Code   RO         2114    .ARM.Collect$$libinit$$00000034  c_w.l(libinit2.o)
    0x08000202   0x08000202   0x00000002   Code   RO         2115    .ARM.Collect$$libinit$$00000035  c_w.l(libinit2.o)
    0x08000204   0x08000204   0x00000002   Code   RO         2150    .ARM.Collect$$libshutdown$$00000000  c_w.l(libshutdown.o)
    0x08000206   0x08000206   0x00000000   Code   RO         2178    .ARM.Collect$$libshutdown$$00000002  c_w.l(libshutdown2.o)
    0x08000206   0x08000206   0x00000000   Code   RO         2180    .ARM.Collect$$libshutdown$$00000004  c_w.l(libshutdown2.o)
    0x08000206   0x08000206   0x00000000   Code   RO         2183    .ARM.Collect$$libshutdown$$00000007  c_w.l(libshutdown2.o)
    0x08000206   0x08000206   0x00000000   Code   RO         2186    .ARM.Collect$$libshutdown$$0000000A  c_w.l(libshutdown2.o)
    0x08000206   0x08000206   0x00000000   Code   RO         2188    .ARM.Collect$$libshutdown$$0000000C  c_w.l(libshutdown2.o)
    0x08000206   0x08000206   0x00000000   Code   RO         2191    .ARM.Collect$$libshutdown$$0000000F  c_w.l(libshutdown2.o)
    0x08000206   0x08000206   0x00000002   Code   RO         2192    .ARM.Collect$$libshutdown$$00000010  c_w.l(libshutdown2.o)
    0x08000208   0x08000208   0x00000000   Code   RO         1945    .ARM.Collect$$rtentry$$00000000  c_w.l(__rtentry.o)
    0x08000208   0x08000208   0x00000000   Code   RO         1991    .ARM.Collect$$rtentry$$00000002  c_w.l(__rtentry2.o)
    0x08000208   0x08000208   0x00000006   Code   RO         2003    .ARM.Collect$$rtentry$$00000004  c_w.l(__rtentry4.o)
    0x0800020e   0x0800020e   0x00000000   Code   RO         1993    .ARM.Collect$$rtentry$$00000009  c_w.l(__rtentry2.o)
    0x0800020e   0x0800020e   0x00000004   Code   RO         1994    .ARM.Collect$$rtentry$$0000000A  c_w.l(__rtentry2.o)
    0x08000212   0x08000212   0x00000000   Code   RO         1996    .ARM.Collect$$rtentry$$0000000C  c_w.l(__rtentry2.o)
    0x08000212   0x08000212   0x00000008   Code   RO         1997    .ARM.Collect$$rtentry$$0000000D  c_w.l(__rtentry2.o)
    0x0800021a   0x0800021a   0x00000002   Code   RO         2061    .ARM.Collect$$rtexit$$00000000  c_w.l(rtexit.o)
    0x0800021c   0x0800021c   0x00000000   Code   RO         2121    .ARM.Collect$$rtexit$$00000002  c_w.l(rtexit2.o)
    0x0800021c   0x0800021c   0x00000004   Code   RO         2122    .ARM.Collect$$rtexit$$00000003  c_w.l(rtexit2.o)
    0x08000220   0x08000220   0x00000006   Code   RO         2123    .ARM.Collect$$rtexit$$00000004  c_w.l(rtexit2.o)
    0x08000226   0x08000226   0x00000002   PAD
    0x08000228   0x08000228   0x00000040   Code   RO            4    .text               startup_stm32f405xx.o
    0x08000268   0x08000268   0x000000f0   Code   RO         1919    .text               c_w.l(lludivv7m.o)
    0x08000358   0x08000358   0x0000008a   Code   RO         1921    .text               c_w.l(rt_memcpy_v6.o)
    0x080003e2   0x080003e2   0x00000010   Code   RO         1925    .text               c_w.l(aeabi_memset4.o)
    0x080003f2   0x080003f2   0x0000004e   Code   RO         1929    .text               c_w.l(rt_memclr_w.o)
    0x08000440   0x08000440   0x00000006   Code   RO         1931    .text               c_w.l(heapauxi.o)
    0x08000446   0x08000446   0x00000016   Code   RO         1950    .text               c_w.l(_rserrno.o)
    0x0800045c   0x0800045c   0x00000064   Code   RO         1952    .text               c_w.l(rt_memcpy_w.o)
    0x080004c0   0x080004c0   0x00000008   Code   RO         2010    .text               c_w.l(rt_errno_addr_intlibspace.o)
    0x080004c8   0x080004c8   0x00000008   Code   RO         2044    .text               c_w.l(libspace.o)
    0x080004d0   0x080004d0   0x0000004a   Code   RO         2047    .text               c_w.l(sys_stackheap_outer.o)
    0x0800051a   0x0800051a   0x00000012   Code   RO         2049    .text               c_w.l(exit.o)
    0x0800052c   0x0800052c   0x0000000c   Code   RO         2116    .text               c_w.l(sys_exit.o)
    0x08000538   0x08000538   0x00000002   Code   RO         2139    .text               c_w.l(use_no_semi.o)
    0x0800053a   0x0800053a   0x00000000   Code   RO         2141    .text               c_w.l(indicate_semi.o)
    0x0800053a   0x0800053a   0x00000002   PAD
    0x0800053c   0x0800053c   0x00000010   Code   RO           39    .text.BEEP_Task     freertos.o
    0x0800054c   0x0800054c   0x00000014   Code   RO         1167    .text.Beep_Init     beep.o
    0x08000560   0x08000560   0x00000004   Code   RO          118    .text.BusFault_Handler  stm32f4xx_it.o
    0x08000564   0x08000564   0x00000010   Code   RO          124    .text.CAN1_RX0_IRQHandler  stm32f4xx_it.o
    0x08000574   0x08000574   0x00000010   Code   RO          126    .text.CAN1_RX1_IRQHandler  stm32f4xx_it.o
    0x08000584   0x08000584   0x00000010   Code   RO          136    .text.DMA2_Stream2_IRQHandler  stm32f4xx_it.o
    0x08000594   0x08000594   0x00000010   Code   RO          138    .text.DMA2_Stream7_IRQHandler  stm32f4xx_it.o
    0x080005a4   0x080005a4   0x00000056   Code   RO          762    .text.DMA_CalcBaseAndBitshift  stm32f4xx_hal_dma.o
    0x080005fa   0x080005fa   0x00000002   PAD
    0x080005fc   0x080005fc   0x000000f0   Code   RO          760    .text.DMA_CheckFifoParam  stm32f4xx_hal_dma.o
    0x080006ec   0x080006ec   0x00000050   Code   RO          768    .text.DMA_SetConfig  stm32f4xx_hal_dma.o
    0x0800073c   0x0800073c   0x00000002   Code   RO          122    .text.DebugMon_Handler  stm32f4xx_it.o
    0x0800073e   0x0800073e   0x00000002   PAD
    0x08000740   0x08000740   0x0000000c   Code   RO          134    .text.EXTI15_10_IRQHandler  stm32f4xx_it.o
    0x0800074c   0x0800074c   0x00000006   Code   RO           15    .text.Error_Handler  main.o
    0x08000752   0x08000752   0x00000002   PAD
    0x08000754   0x08000754   0x00000052   Code   RO          539    .text.HAL_CAN_ActivateNotification  stm32f4xx_hal_can.o
    0x080007a6   0x080007a6   0x00000002   PAD
    0x080007a8   0x080007a8   0x00000156   Code   RO          525    .text.HAL_CAN_AddTxMessage  stm32f4xx_hal_can.o
    0x080008fe   0x080008fe   0x00000002   PAD
    0x08000900   0x08000900   0x0000019e   Code   RO          515    .text.HAL_CAN_ConfigFilter  stm32f4xx_hal_can.o
    0x08000a9e   0x08000a9e   0x00000002   PAD
    0x08000aa0   0x08000aa0   0x00000008   Code   RO          569    .text.HAL_CAN_ErrorCallback  stm32f4xx_hal_can.o
    0x08000aa8   0x08000aa8   0x000003f2   Code   RO          543    .text.HAL_CAN_IRQHandler  stm32f4xx_hal_can.o
    0x08000e9a   0x08000e9a   0x00000002   PAD
    0x08000e9c   0x08000e9c   0x000001de   Code   RO          505    .text.HAL_CAN_Init  stm32f4xx_hal_can.o
    0x0800107a   0x0800107a   0x00000002   PAD
    0x0800107c   0x0800107c   0x000000b8   Code   RO           57    .text.HAL_CAN_MspInit  can.o
    0x08001134   0x08001134   0x00000008   Code   RO          557    .text.HAL_CAN_RxFifo0FullCallback  stm32f4xx_hal_can.o
    0x0800113c   0x0800113c   0x00000008   Code   RO          559    .text.HAL_CAN_RxFifo0MsgPendingCallback  stm32f4xx_hal_can.o
    0x08001144   0x08001144   0x00000008   Code   RO          561    .text.HAL_CAN_RxFifo1FullCallback  stm32f4xx_hal_can.o
    0x0800114c   0x0800114c   0x00000008   Code   RO          563    .text.HAL_CAN_RxFifo1MsgPendingCallback  stm32f4xx_hal_can.o
    0x08001154   0x08001154   0x00000008   Code   RO          565    .text.HAL_CAN_SleepCallback  stm32f4xx_hal_can.o
    0x0800115c   0x0800115c   0x0000008a   Code   RO          517    .text.HAL_CAN_Start  stm32f4xx_hal_can.o
    0x080011e6   0x080011e6   0x00000002   PAD
    0x080011e8   0x080011e8   0x00000008   Code   RO          547    .text.HAL_CAN_TxMailbox0AbortCallback  stm32f4xx_hal_can.o
    0x080011f0   0x080011f0   0x00000008   Code   RO          545    .text.HAL_CAN_TxMailbox0CompleteCallback  stm32f4xx_hal_can.o
    0x080011f8   0x080011f8   0x00000008   Code   RO          551    .text.HAL_CAN_TxMailbox1AbortCallback  stm32f4xx_hal_can.o
    0x08001200   0x08001200   0x00000008   Code   RO          549    .text.HAL_CAN_TxMailbox1CompleteCallback  stm32f4xx_hal_can.o
    0x08001208   0x08001208   0x00000008   Code   RO          555    .text.HAL_CAN_TxMailbox2AbortCallback  stm32f4xx_hal_can.o
    0x08001210   0x08001210   0x00000008   Code   RO          553    .text.HAL_CAN_TxMailbox2CompleteCallback  stm32f4xx_hal_can.o
    0x08001218   0x08001218   0x00000008   Code   RO          567    .text.HAL_CAN_WakeUpFromRxMsgCallback  stm32f4xx_hal_can.o
    0x08001220   0x08001220   0x000000ec   Code   RO          772    .text.HAL_DMA_Abort  stm32f4xx_hal_dma.o
    0x0800130c   0x0800130c   0x00000044   Code   RO          774    .text.HAL_DMA_Abort_IT  stm32f4xx_hal_dma.o
    0x08001350   0x08001350   0x0000031e   Code   RO          778    .text.HAL_DMA_IRQHandler  stm32f4xx_hal_dma.o
    0x0800166e   0x0800166e   0x00000002   PAD
    0x08001670   0x08001670   0x0000016e   Code   RO          758    .text.HAL_DMA_Init  stm32f4xx_hal_dma.o
    0x080017de   0x080017de   0x00000002   PAD
    0x080017e0   0x080017e0   0x000000c2   Code   RO          770    .text.HAL_DMA_Start_IT  stm32f4xx_hal_dma.o
    0x080018a2   0x080018a2   0x00000002   PAD
    0x080018a4   0x080018a4   0x00000070   Code   RO         1191    .text.HAL_GPIO_EXTI_Callback  exti_irqhandler.o
    0x08001914   0x08001914   0x00000038   Code   RO          732    .text.HAL_GPIO_EXTI_IRQHandler  stm32f4xx_hal_gpio.o
    0x0800194c   0x0800194c   0x000003b6   Code   RO          720    .text.HAL_GPIO_Init  stm32f4xx_hal_gpio.o
    0x08001d02   0x08001d02   0x00000002   PAD
    0x08001d04   0x08001d04   0x0000002e   Code   RO          726    .text.HAL_GPIO_WritePin  stm32f4xx_hal_gpio.o
    0x08001d32   0x08001d32   0x00000002   PAD
    0x08001d34   0x08001d34   0x0000000c   Code   RO          945    .text.HAL_GetTick   stm32f4xx_hal.o
    0x08001d40   0x08001d40   0x00000036   Code   RO          933    .text.HAL_Init      stm32f4xx_hal.o
    0x08001d76   0x08001d76   0x00000002   PAD
    0x08001d78   0x08001d78   0x000000da   Code   RO          155    .text.HAL_InitTick  stm32f4xx_hal_timebase_tim.o
    0x08001e52   0x08001e52   0x00000002   PAD
    0x08001e54   0x08001e54   0x00000058   Code   RO          147    .text.HAL_MspInit   stm32f4xx_hal_msp.o
    0x08001eac   0x08001eac   0x00000014   Code   RO          868    .text.HAL_NVIC_EnableIRQ  stm32f4xx_hal_cortex.o
    0x08001ec0   0x08001ec0   0x00000032   Code   RO          860    .text.HAL_NVIC_SetPriority  stm32f4xx_hal_cortex.o
    0x08001ef2   0x08001ef2   0x00000002   PAD
    0x08001ef4   0x08001ef4   0x00000010   Code   RO          856    .text.HAL_NVIC_SetPriorityGrouping  stm32f4xx_hal_cortex.o
    0x08001f04   0x08001f04   0x00000262   Code   RO          588    .text.HAL_RCC_ClockConfig  stm32f4xx_hal_rcc.o
    0x08002166   0x08002166   0x00000002   PAD
    0x08002168   0x08002168   0x00000054   Code   RO          606    .text.HAL_RCC_GetClockConfig  stm32f4xx_hal_rcc.o
    0x080021bc   0x080021bc   0x0000000c   Code   RO          598    .text.HAL_RCC_GetHCLKFreq  stm32f4xx_hal_rcc.o
    0x080021c8   0x080021c8   0x00000022   Code   RO          600    .text.HAL_RCC_GetPCLK1Freq  stm32f4xx_hal_rcc.o
    0x080021ea   0x080021ea   0x00000002   PAD
    0x080021ec   0x080021ec   0x00000022   Code   RO          602    .text.HAL_RCC_GetPCLK2Freq  stm32f4xx_hal_rcc.o
    0x0800220e   0x0800220e   0x00000002   PAD
    0x08002210   0x08002210   0x000000e6   Code   RO          590    .text.HAL_RCC_GetSysClockFreq  stm32f4xx_hal_rcc.o
    0x080022f6   0x080022f6   0x00000002   PAD
    0x080022f8   0x080022f8   0x000006be   Code   RO          586    .text.HAL_RCC_OscConfig  stm32f4xx_hal_rcc.o
    0x080029b6   0x080029b6   0x00000002   PAD
    0x080029b8   0x080029b8   0x00000008   Code   RO          492    .text.HAL_TIMEx_BreakCallback  stm32f4xx_hal_tim_ex.o
    0x080029c0   0x080029c0   0x00000008   Code   RO          488    .text.HAL_TIMEx_CommutCallback  stm32f4xx_hal_tim_ex.o
    0x080029c8   0x080029c8   0x00000122   Code   RO          482    .text.HAL_TIMEx_MasterConfigSynchronization  stm32f4xx_hal_tim_ex.o
    0x08002aea   0x08002aea   0x00000002   PAD
    0x08002aec   0x08002aec   0x0000009c   Code   RO          169    .text.HAL_TIM_Base_Init  stm32f4xx_hal_tim.o
    0x08002b88   0x08002b88   0x00000084   Code   RO           83    .text.HAL_TIM_Base_MspInit  tim.o
    0x08002c0c   0x08002c0c   0x000000f6   Code   RO          183    .text.HAL_TIM_Base_Start_IT  stm32f4xx_hal_tim.o
    0x08002d02   0x08002d02   0x00000002   PAD
    0x08002d04   0x08002d04   0x00000184   Code   RO          361    .text.HAL_TIM_ConfigClockSource  stm32f4xx_hal_tim.o
    0x08002e88   0x08002e88   0x0000005c   Code   RO          355    .text.HAL_TIM_GenerateEvent  stm32f4xx_hal_tim.o
    0x08002ee4   0x08002ee4   0x00000008   Code   RO          305    .text.HAL_TIM_IC_CaptureCallback  stm32f4xx_hal_tim.o
    0x08002eec   0x08002eec   0x0000021a   Code   RO          303    .text.HAL_TIM_IRQHandler  stm32f4xx_hal_tim.o
    0x08003106   0x08003106   0x00000002   PAD
    0x08003108   0x08003108   0x00000068   Code   RO           81    .text.HAL_TIM_MspPostInit  tim.o
    0x08003170   0x08003170   0x00000008   Code   RO          307    .text.HAL_TIM_OC_DelayElapsedCallback  stm32f4xx_hal_tim.o
    0x08003178   0x08003178   0x00000142   Code   RO          335    .text.HAL_TIM_PWM_ConfigChannel  stm32f4xx_hal_tim.o
    0x080032ba   0x080032ba   0x00000002   PAD
    0x080032bc   0x080032bc   0x0000009c   Code   RO          223    .text.HAL_TIM_PWM_Init  stm32f4xx_hal_tim.o
    0x08003358   0x08003358   0x00000008   Code   RO          225    .text.HAL_TIM_PWM_MspInit  stm32f4xx_hal_tim.o
    0x08003360   0x08003360   0x00000008   Code   RO          309    .text.HAL_TIM_PWM_PulseFinishedCallback  stm32f4xx_hal_tim.o
    0x08003368   0x08003368   0x000001ca   Code   RO          231    .text.HAL_TIM_PWM_Start  stm32f4xx_hal_tim.o
    0x08003532   0x08003532   0x00000002   PAD
    0x08003534   0x08003534   0x00000036   Code   RO           17    .text.HAL_TIM_PeriodElapsedCallback  main.o
    0x0800356a   0x0800356a   0x00000002   PAD
    0x0800356c   0x0800356c   0x00000008   Code   RO          313    .text.HAL_TIM_TriggerCallback  stm32f4xx_hal_tim.o
    0x08003574   0x08003574   0x000000b8   Code   RO         1076    .text.HAL_UARTEx_ReceiveToIdle_DMA  stm32f4xx_hal_uart.o
    0x0800362c   0x0800362c   0x00000092   Code   RO         1206    .text.HAL_UARTEx_RxEventCallback  uart_irqhandler.o
    0x080036be   0x080036be   0x00000002   PAD
    0x080036c0   0x080036c0   0x00000008   Code   RO         1112    .text.HAL_UART_ErrorCallback  stm32f4xx_hal_uart.o
    0x080036c8   0x080036c8   0x0000045c   Code   RO         1106    .text.HAL_UART_IRQHandler  stm32f4xx_hal_uart.o
    0x08003b24   0x08003b24   0x0000009e   Code   RO         1022    .text.HAL_UART_Init  stm32f4xx_hal_uart.o
    0x08003bc2   0x08003bc2   0x00000002   PAD
    0x08003bc4   0x08003bc4   0x00000180   Code   RO           98    .text.HAL_UART_MspInit  usart.o
    0x08003d44   0x08003d44   0x00000056   Code   RO         1046    .text.HAL_UART_Receive_IT  stm32f4xx_hal_uart.o
    0x08003d9a   0x08003d9a   0x00000002   PAD
    0x08003d9c   0x08003d9c   0x0000007c   Code   RO         1204    .text.HAL_UART_RxCpltCallback  uart_irqhandler.o
    0x08003e18   0x08003e18   0x00000008   Code   RO         1126    .text.HAL_UART_RxHalfCpltCallback  stm32f4xx_hal_uart.o
    0x08003e20   0x08003e20   0x00000008   Code   RO         1120    .text.HAL_UART_TxCpltCallback  stm32f4xx_hal_uart.o
    0x08003e28   0x08003e28   0x00000004   Code   RO          114    .text.HardFault_Handler  stm32f4xx_it.o
    0x08003e2c   0x08003e2c   0x00000010   Code   RO           37    .text.LED_Task      freertos.o
    0x08003e3c   0x08003e3c   0x00000158   Code   RO           55    .text.MX_CAN1_Init  can.o
    0x08003f94   0x08003f94   0x00000052   Code   RO           69    .text.MX_DMA_Init   dma.o
    0x08003fe6   0x08003fe6   0x00000002   PAD
    0x08003fe8   0x08003fe8   0x0000004a   Code   RO           35    .text.MX_FREERTOS_Init  freertos.o
    0x08004032   0x08004032   0x00000002   PAD
    0x08004034   0x08004034   0x000000dc   Code   RO           27    .text.MX_GPIO_Init  gpio.o
    0x08004110   0x08004110   0x00000096   Code   RO           77    .text.MX_TIM2_Init  tim.o
    0x080041a6   0x080041a6   0x00000002   PAD
    0x080041a8   0x080041a8   0x00000106   Code   RO           79    .text.MX_TIM3_Init  tim.o
    0x080042ae   0x080042ae   0x00000002   PAD
    0x080042b0   0x080042b0   0x00000040   Code   RO           96    .text.MX_USART1_UART_Init  usart.o
    0x080042f0   0x080042f0   0x00000004   Code   RO          116    .text.MemManage_Handler  stm32f4xx_it.o
    0x080042f4   0x080042f4   0x00000004   Code   RO          112    .text.NMI_Handler   stm32f4xx_it.o
    0x080042f8   0x080042f8   0x0000006c   Code   RO          866    .text.NVIC_EncodePriority  stm32f4xx_hal_cortex.o
    0x08004364   0x08004364   0x0000000c   PAD
    0x08004370   0x08004370   0x00000064   Code   RO         1902    .text.PendSV_Handler  port.o
    0x080043d4   0x080043d4   0x0000000c   PAD
    0x080043e0   0x080043e0   0x00000024   Code   RO         1886    .text.SVC_Handler   port.o
    0x08004404   0x08004404   0x0000000e   Code   RO         1682    .text.SVC_Setup     cmsis_os2.o
    0x08004412   0x08004412   0x00000002   PAD
    0x08004414   0x08004414   0x0000001e   Code   RO         1672    .text.SysTick_Handler  cmsis_os2.o
    0x08004432   0x08004432   0x00000002   PAD
    0x08004434   0x08004434   0x000000be   Code   RO           13    .text.SystemClock_Config  main.o
    0x080044f2   0x080044f2   0x00000002   PAD
    0x080044f4   0x080044f4   0x00000012   Code   RO         1153    .text.SystemInit    system_stm32f4xx.o
    0x08004506   0x08004506   0x00000002   PAD
    0x08004508   0x08004508   0x00000010   Code   RO          128    .text.TIM1_UP_TIM10_IRQHandler  stm32f4xx_it.o
    0x08004518   0x08004518   0x00000010   Code   RO          130    .text.TIM2_IRQHandler  stm32f4xx_it.o
    0x08004528   0x08004528   0x000001a4   Code   RO          173    .text.TIM_Base_SetConfig  stm32f4xx_hal_tim.o
    0x080046cc   0x080046cc   0x00000036   Code   RO          207    .text.TIM_CCxChannelCmd  stm32f4xx_hal_tim.o
    0x08004702   0x08004702   0x00000002   PAD
    0x08004704   0x08004704   0x00000034   Code   RO          359    .text.TIM_ETR_SetConfig  stm32f4xx_hal_tim.o
    0x08004738   0x08004738   0x0000002a   Code   RO          365    .text.TIM_ITRx_SetConfig  stm32f4xx_hal_tim.o
    0x08004762   0x08004762   0x00000002   PAD
    0x08004764   0x08004764   0x000000ea   Code   RO          317    .text.TIM_OC1_SetConfig  stm32f4xx_hal_tim.o
    0x0800484e   0x0800484e   0x00000002   PAD
    0x08004850   0x08004850   0x000000f4   Code   RO          319    .text.TIM_OC2_SetConfig  stm32f4xx_hal_tim.o
    0x08004944   0x08004944   0x000000f2   Code   RO          321    .text.TIM_OC3_SetConfig  stm32f4xx_hal_tim.o
    0x08004a36   0x08004a36   0x00000002   PAD
    0x08004a38   0x08004a38   0x000000a4   Code   RO          323    .text.TIM_OC4_SetConfig  stm32f4xx_hal_tim.o
    0x08004adc   0x08004adc   0x000000ee   Code   RO         1227    .text.TIM_PeriodElapsedCallback  tim_irqhandler.o
    0x08004bca   0x08004bca   0x00000002   PAD
    0x08004bcc   0x08004bcc   0x00000100   Code   RO         1239    .text.TIM_PeriodElapsedCallback_1  tim_irqhandler_1.o
    0x08004ccc   0x08004ccc   0x00000050   Code   RO          363    .text.TIM_TI1_ConfigInputStage  stm32f4xx_hal_tim.o
    0x08004d1c   0x08004d1c   0x00000052   Code   RO          367    .text.TIM_TI2_ConfigInputStage  stm32f4xx_hal_tim.o
    0x08004d6e   0x08004d6e   0x00000002   PAD
    0x08004d70   0x08004d70   0x0000001c   Code   RO         1110    .text.UART_DMAAbortOnError  stm32f4xx_hal_uart.o
    0x08004d8c   0x08004d8c   0x0000007c   Code   RO         1056    .text.UART_DMAError  stm32f4xx_hal_uart.o
    0x08004e08   0x08004e08   0x000000f4   Code   RO         1142    .text.UART_DMAReceiveCplt  stm32f4xx_hal_uart.o
    0x08004efc   0x08004efc   0x00000034   Code   RO         1144    .text.UART_DMARxHalfCplt  stm32f4xx_hal_uart.o
    0x08004f30   0x08004f30   0x00000094   Code   RO         1070    .text.UART_EndRxTransfer  stm32f4xx_hal_uart.o
    0x08004fc4   0x08004fc4   0x00000026   Code   RO         1118    .text.UART_EndTransmit_IT  stm32f4xx_hal_uart.o
    0x08004fea   0x08004fea   0x00000002   PAD
    0x08004fec   0x08004fec   0x00000036   Code   RO         1068    .text.UART_EndTxTransfer  stm32f4xx_hal_uart.o
    0x08005022   0x08005022   0x00000002   PAD
    0x08005024   0x08005024   0x00000168   Code   RO         1108    .text.UART_Receive_IT  stm32f4xx_hal_uart.o
    0x0800518c   0x0800518c   0x0000013a   Code   RO         1026    .text.UART_SetConfig  stm32f4xx_hal_uart.o
    0x080052c6   0x080052c6   0x00000002   PAD
    0x080052c8   0x080052c8   0x0000001a   Code   RO         1202    .text.UART_Start_Receive  uart_irqhandler.o
    0x080052e2   0x080052e2   0x00000002   PAD
    0x080052e4   0x080052e4   0x00000130   Code   RO         1060    .text.UART_Start_Receive_DMA  stm32f4xx_hal_uart.o
    0x08005414   0x08005414   0x00000062   Code   RO         1048    .text.UART_Start_Receive_IT  stm32f4xx_hal_uart.o
    0x08005476   0x08005476   0x00000002   PAD
    0x08005478   0x08005478   0x00000094   Code   RO         1116    .text.UART_Transmit_IT  stm32f4xx_hal_uart.o
    0x0800550c   0x0800550c   0x00000010   Code   RO          132    .text.USART1_IRQHandler  stm32f4xx_it.o
    0x0800551c   0x0800551c   0x00000004   Code   RO          120    .text.UsageFault_Handler  stm32f4xx_it.o
    0x08005520   0x08005520   0x00000030   Code   RO          870    .text.__NVIC_EnableIRQ  stm32f4xx_hal_cortex.o
    0x08005550   0x08005550   0x00000010   Code   RO          862    .text.__NVIC_GetPriorityGrouping  stm32f4xx_hal_cortex.o
    0x08005560   0x08005560   0x00000042   Code   RO          864    .text.__NVIC_SetPriority  stm32f4xx_hal_cortex.o
    0x080055a2   0x080055a2   0x00000002   PAD
    0x080055a4   0x080055a4   0x00000042   Code   RO         1836    .text.__NVIC_SetPriority  cmsis_os2.o
    0x080055e6   0x080055e6   0x00000002   PAD
    0x080055e8   0x080055e8   0x0000003c   Code   RO          858    .text.__NVIC_SetPriorityGrouping  stm32f4xx_hal_cortex.o
    0x08005624   0x08005624   0x00000024   Code   RO         1179    .text.led_init      led.o
    0x08005648   0x08005648   0x00000044   Code   RO           11    .text.main          main.o
    0x0800568c   0x0800568c   0x00000034   Code   RO         1740    .text.osDelay       cmsis_os2.o
    0x080056c0   0x080056c0   0x00000046   Code   RO         1674    .text.osKernelInitialize  cmsis_os2.o
    0x08005706   0x08005706   0x00000002   PAD
    0x08005708   0x08005708   0x00000052   Code   RO         1680    .text.osKernelStart  cmsis_os2.o
    0x0800575a   0x0800575a   0x00000002   PAD
    0x0800575c   0x0800575c   0x0000015a   Code   RO         1704    .text.osThreadNew   cmsis_os2.o
    0x080058b6   0x080058b6   0x00000002   PAD
    0x080058b8   0x080058b8   0x000000d4   Code   RO         1466    .text.prvAddCurrentTaskToDelayedList  tasks.o
    0x0800598c   0x0800598c   0x00000122   Code   RO         1452    .text.prvAddNewTaskToReadyList  tasks.o
    0x08005aae   0x08005aae   0x00000002   PAD
    0x08005ab0   0x08005ab0   0x000000a2   Code   RO         1603    .text.prvCheckForValidListAndQueue  timers.o
    0x08005b52   0x08005b52   0x00000002   PAD
    0x08005b54   0x08005b54   0x0000005a   Code   RO         1570    .text.prvCheckTasksWaitingTermination  tasks.o
    0x08005bae   0x08005bae   0x00000002   PAD
    0x08005bb0   0x08005bb0   0x00000042   Code   RO         1345    .text.prvCopyDataFromQueue  queue.o
    0x08005bf2   0x08005bf2   0x00000002   PAD
    0x08005bf4   0x08005bf4   0x000000cc   Code   RO         1333    .text.prvCopyDataToQueue  queue.o
    0x08005cc0   0x08005cc0   0x0000005e   Code   RO         1458    .text.prvDeleteTCB  tasks.o
    0x08005d1e   0x08005d1e   0x00000002   PAD
    0x08005d20   0x08005d20   0x00000040   Code   RO         1641    .text.prvGetNextExpireTime  timers.o
    0x08005d60   0x08005d60   0x000000bc   Code   RO         1853    .text.prvHeapInit   heap_4.o
    0x08005e1c   0x08005e1c   0x00000038   Code   RO         1492    .text.prvIdleTask   tasks.o
    0x08005e54   0x08005e54   0x00000048   Code   RO         1307    .text.prvInitialiseNewQueue  queue.o
    0x08005e9c   0x08005e9c   0x00000122   Code   RO         1450    .text.prvInitialiseNewTask  tasks.o
    0x08005fbe   0x08005fbe   0x00000002   PAD
    0x08005fc0   0x08005fc0   0x0000008e   Code   RO         1568    .text.prvInitialiseTaskLists  tasks.o
    0x0800604e   0x0800604e   0x00000002   PAD
    0x08006050   0x08006050   0x000000c6   Code   RO         1855    .text.prvInsertBlockIntoFreeList  heap_4.o
    0x08006116   0x08006116   0x00000002   PAD
    0x08006118   0x08006118   0x00000086   Code   RO         1653    .text.prvInsertTimerInActiveList  timers.o
    0x0800619e   0x0800619e   0x00000002   PAD
    0x080061a0   0x080061a0   0x00000028   Code   RO         1347    .text.prvIsQueueEmpty  queue.o
    0x080061c8   0x080061c8   0x0000002e   Code   RO         1335    .text.prvIsQueueFull  queue.o
    0x080061f6   0x080061f6   0x00000002   PAD
    0x080061f8   0x080061f8   0x00000028   Code   RO         1894    .text.prvPortStartFirstTask  port.o
    0x08006220   0x08006220   0x0000008e   Code   RO         1649    .text.prvProcessExpiredTimer  timers.o
    0x080062ae   0x080062ae   0x00000002   PAD
    0x080062b0   0x080062b0   0x00000192   Code   RO         1645    .text.prvProcessReceivedCommands  timers.o
    0x08006442   0x08006442   0x00000002   PAD
    0x08006444   0x08006444   0x0000009a   Code   RO         1643    .text.prvProcessTimerOrBlockTask  timers.o
    0x080064de   0x080064de   0x00000002   PAD
    0x080064e0   0x080064e0   0x00000046   Code   RO         1460    .text.prvResetNextTaskUnblockTime  tasks.o
    0x08006526   0x08006526   0x00000002   PAD
    0x08006528   0x08006528   0x00000044   Code   RO         1647    .text.prvSampleTimeNow  timers.o
    0x0800656c   0x0800656c   0x000000d4   Code   RO         1651    .text.prvSwitchTimerLists  timers.o
    0x08006640   0x08006640   0x0000004c   Code   RO         1884    .text.prvTaskExitError  port.o
    0x0800668c   0x0800668c   0x0000001e   Code   RO         1605    .text.prvTimerTask  timers.o
    0x080066aa   0x080066aa   0x00000002   PAD
    0x080066ac   0x080066ac   0x000000ae   Code   RO         1337    .text.prvUnlockQueue  queue.o
    0x0800675a   0x0800675a   0x00000002   PAD
    0x0800675c   0x0800675c   0x000001ec   Code   RO         1851    .text.pvPortMalloc  heap_4.o
    0x08006948   0x08006948   0x0000005e   Code   RO         1882    .text.pxPortInitialiseStack  port.o
    0x080069a6   0x080069a6   0x00000002   PAD
    0x080069a8   0x080069a8   0x00000048   Code   RO         1294    .text.uxListRemove  list.o
    0x080069f0   0x080069f0   0x0000002a   Code   RO         1832    .text.vApplicationGetIdleTaskMemory  cmsis_os2.o
    0x08006a1a   0x08006a1a   0x00000002   PAD
    0x08006a1c   0x08006a1c   0x0000002c   Code   RO         1834    .text.vApplicationGetTimerTaskMemory  cmsis_os2.o
    0x08006a48   0x08006a48   0x0000002e   Code   RO         1286    .text.vListInitialise  list.o
    0x08006a76   0x08006a76   0x00000002   PAD
    0x08006a78   0x08006a78   0x0000000e   Code   RO         1288    .text.vListInitialiseItem  list.o
    0x08006a86   0x08006a86   0x00000002   PAD
    0x08006a88   0x08006a88   0x0000006a   Code   RO         1292    .text.vListInsert   list.o
    0x08006af2   0x08006af2   0x00000002   PAD
    0x08006af4   0x08006af4   0x0000003a   Code   RO         1290    .text.vListInsertEnd  list.o
    0x08006b2e   0x08006b2e   0x00000002   PAD
    0x08006b30   0x08006b30   0x00000014   Code   RO         1892    .text.vPortEnableVFP  port.o
    0x08006b44   0x08006b44   0x00000056   Code   RO         1898    .text.vPortEnterCritical  port.o
    0x08006b9a   0x08006b9a   0x00000002   PAD
    0x08006b9c   0x08006b9c   0x0000004a   Code   RO         1900    .text.vPortExitCritical  port.o
    0x08006be6   0x08006be6   0x00000002   PAD
    0x08006be8   0x08006be8   0x000000ce   Code   RO         1857    .text.vPortFree     heap_4.o
    0x08006cb6   0x08006cb6   0x00000002   PAD
    0x08006cb8   0x08006cb8   0x00000044   Code   RO         1890    .text.vPortSetupTimerInterrupt  port.o
    0x08006cfc   0x08006cfc   0x00000084   Code   RO         1906    .text.vPortValidateInterruptPriority  port.o
    0x08006d80   0x08006d80   0x00000052   Code   RO         1377    .text.vQueueAddToRegistry  queue.o
    0x08006dd2   0x08006dd2   0x00000002   PAD
    0x08006dd4   0x08006dd4   0x00000064   Code   RO         1381    .text.vQueueWaitForMessageRestricted  queue.o
    0x08006e38   0x08006e38   0x0000006e   Code   RO         1470    .text.vTaskDelay    tasks.o
    0x08006ea6   0x08006ea6   0x00000002   PAD
    0x08006ea8   0x08006ea8   0x00000024   Code   RO         1524    .text.vTaskInternalSetTimeOutState  tasks.o
    0x08006ecc   0x08006ecc   0x0000000e   Code   RO         1528    .text.vTaskMissedYield  tasks.o
    0x08006eda   0x08006eda   0x00000002   PAD
    0x08006edc   0x08006edc   0x00000042   Code   RO         1512    .text.vTaskPlaceOnEventList  tasks.o
    0x08006f1e   0x08006f1e   0x00000002   PAD
    0x08006f20   0x08006f20   0x00000052   Code   RO         1516    .text.vTaskPlaceOnEventListRestricted  tasks.o
    0x08006f72   0x08006f72   0x00000002   PAD
    0x08006f74   0x08006f74   0x000000e0   Code   RO         1490    .text.vTaskStartScheduler  tasks.o
    0x08007054   0x08007054   0x00000010   Code   RO         1464    .text.vTaskSuspendAll  tasks.o
    0x08007064   0x08007064   0x000000c6   Code   RO         1482    .text.vTaskSwitchContext  tasks.o
    0x0800712a   0x0800712a   0x00000002   PAD
    0x0800712c   0x0800712c   0x00000156   Code   RO         1888    .text.xPortStartScheduler  port.o
    0x08007282   0x08007282   0x00000002   PAD
    0x08007284   0x08007284   0x0000003c   Code   RO         1904    .text.xPortSysTickHandler  port.o
    0x080072c0   0x080072c0   0x0000010e   Code   RO         1305    .text.xQueueGenericCreateStatic  queue.o
    0x080073ce   0x080073ce   0x00000002   PAD
    0x080073d0   0x080073d0   0x000000ba   Code   RO         1303    .text.xQueueGenericReset  queue.o
    0x0800748a   0x0800748a   0x00000002   PAD
    0x0800748c   0x0800748c   0x0000022c   Code   RO         1323    .text.xQueueGenericSend  queue.o
    0x080076b8   0x080076b8   0x0000014c   Code   RO         1339    .text.xQueueGenericSendFromISR  queue.o
    0x08007804   0x08007804   0x000001dc   Code   RO         1343    .text.xQueueReceive  queue.o
    0x080079e0   0x080079e0   0x000000cc   Code   RO         1526    .text.xTaskCheckForTimeOut  tasks.o
    0x08007aac   0x08007aac   0x0000009e   Code   RO         1454    .text.xTaskCreate   tasks.o
    0x08007b4a   0x08007b4a   0x00000002   PAD
    0x08007b4c   0x08007b4c   0x000000ce   Code   RO         1448    .text.xTaskCreateStatic  tasks.o
    0x08007c1a   0x08007c1a   0x00000002   PAD
    0x08007c1c   0x08007c1c   0x00000038   Code   RO         1542    .text.xTaskGetSchedulerState  tasks.o
    0x08007c54   0x08007c54   0x00000014   Code   RO         1498    .text.xTaskGetTickCount  tasks.o
    0x08007c68   0x08007c68   0x000001c4   Code   RO         1496    .text.xTaskIncrementTick  tasks.o
    0x08007e2c   0x08007e2c   0x000000ec   Code   RO         1546    .text.xTaskPriorityDisinherit  tasks.o
    0x08007f18   0x08007f18   0x000000ce   Code   RO         1518    .text.xTaskRemoveFromEventList  tasks.o
    0x08007fe6   0x08007fe6   0x00000002   PAD
    0x08007fe8   0x08007fe8   0x00000186   Code   RO         1468    .text.xTaskResumeAll  tasks.o
    0x0800816e   0x0800816e   0x00000002   PAD
    0x08008170   0x08008170   0x00000094   Code   RO         1601    .text.xTimerCreateTimerTask  timers.o
    0x08008204   0x08008204   0x000000b0   Code   RO         1613    .text.xTimerGenericCommand  timers.o
    0x080082b4   0x080082b4   0x00000030   Code   RO         2040    i.__ARM_fpclassify  m_wm.l(fpclassify.o)
    0x080082e4   0x080082e4   0x00000004   PAD
    0x080082e8   0x080082e8   0x000000c8   Code   RO         1939    i.__hardfp_sin      m_wm.l(sin.o)
    0x080083b0   0x080083b0   0x00000438   Code   RO         1982    i.__ieee754_rem_pio2  m_wm.l(rred.o)
    0x080087e8   0x080087e8   0x00000170   Code   RO         1965    i.__kernel_cos      m_wm.l(cos_i.o)
    0x08008958   0x08008958   0x000000f8   Code   RO         2042    i.__kernel_poly     m_wm.l(poly.o)
    0x08008a50   0x08008a50   0x00000130   Code   RO         1987    i.__kernel_sin      m_wm.l(sin_i.o)
    0x08008b80   0x08008b80   0x00000014   Code   RO         1969    i.__mathlib_dbl_infnan  m_wm.l(dunder.o)
    0x08008b94   0x08008b94   0x00000004   PAD
    0x08008b98   0x08008b98   0x00000020   Code   RO         1971    i.__mathlib_dbl_invalid  m_wm.l(dunder.o)
    0x08008bb8   0x08008bb8   0x00000020   Code   RO         1974    i.__mathlib_dbl_underflow  m_wm.l(dunder.o)
    0x08008bd8   0x08008bd8   0x00000018   Code   RO         2036    i.fabs              m_wm.l(fabs.o)
    0x08008bf0   0x08008bf0   0x00000018   Code   RO         1954    x$fpl$basic         fz_wm.l(basic.o)
    0x08008c08   0x08008c08   0x00000062   Code   RO         1935    x$fpl$d2f           fz_wm.l(d2f.o)
    0x08008c6a   0x08008c6a   0x00000002   PAD
    0x08008c6c   0x08008c6c   0x00000150   Code   RO         2012    x$fpl$dadd          fz_wm.l(daddsub_clz.o)
    0x08008dbc   0x08008dbc   0x000002b4   Code   RO         2019    x$fpl$ddiv          fz_wm.l(ddiv.o)
    0x08009070   0x08009070   0x0000005e   Code   RO         2022    x$fpl$dfix          fz_wm.l(dfix.o)
    0x080090ce   0x080090ce   0x0000002e   Code   RO         2027    x$fpl$dflt          fz_wm.l(dflt_clz.o)
    0x080090fc   0x080090fc   0x00000026   Code   RO         2026    x$fpl$dfltu         fz_wm.l(dflt_clz.o)
    0x08009122   0x08009122   0x00000002   PAD
    0x08009124   0x08009124   0x00000154   Code   RO         2032    x$fpl$dmul          fz_wm.l(dmul.o)
    0x08009278   0x08009278   0x0000009c   Code   RO         1956    x$fpl$dnaninf       fz_wm.l(dnaninf.o)
    0x08009314   0x08009314   0x0000000c   Code   RO         1958    x$fpl$dretinf       fz_wm.l(dretinf.o)
    0x08009320   0x08009320   0x00000016   Code   RO         2013    x$fpl$drsb          fz_wm.l(daddsub_clz.o)
    0x08009336   0x08009336   0x00000002   PAD
    0x08009338   0x08009338   0x000001dc   Code   RO         2014    x$fpl$dsub          fz_wm.l(daddsub_clz.o)
    0x08009514   0x08009514   0x00000056   Code   RO         1937    x$fpl$f2d           fz_wm.l(f2d.o)
    0x0800956a   0x0800956a   0x0000008c   Code   RO         1960    x$fpl$fnaninf       fz_wm.l(fnaninf.o)
    0x080095f6   0x080095f6   0x0000001a   Code   RO         2133    x$fpl$fpinit        fz_wm.l(fpinit.o)
    0x08009610   0x08009610   0x0000000a   Code   RO         1962    x$fpl$fretinf       fz_wm.l(fretinf.o)
    0x0800961a   0x0800961a   0x00000000   Code   RO         1964    x$fpl$usenofp       fz_wm.l(usenofp.o)
    0x0800961a   0x0800961a   0x00000006   PAD
    0x08009620   0x08009620   0x00000030   Data   RO         1966    .constdata          m_wm.l(cos_i.o)
    0x08009650   0x08009650   0x000000cc   Data   RO         1984    .constdata          m_wm.l(rred.o)
    0x0800971c   0x0800971c   0x00000004   PAD
    0x08009720   0x08009720   0x00000028   Data   RO         1988    .constdata          m_wm.l(sin_i.o)
    0x08009748   0x08009748   0x00000010   Data   RO         1158    .rodata.AHBPrescTable  system_stm32f4xx.o
    0x08009758   0x08009758   0x00000008   Data   RO         1159    .rodata.APBPrescTable  system_stm32f4xx.o
    0x08009760   0x08009760   0x00000024   Data   RO           45    .rodata.BuzzerTask_attributes  freertos.o
    0x08009784   0x08009784   0x00000008   Data   RO          788    .rodata.DMA_CalcBaseAndBitshift.flagBitshiftOffset  stm32f4xx_hal_dma.o
    0x0800978c   0x0800978c   0x00000024   Data   RO           42    .rodata.LEDTask_attributes  freertos.o
    0x080097b0   0x080097b0   0x00000013   Data   RO           41    .rodata.str1.1      freertos.o
    0x080097c3   0x080097c3   0x00000005   Data   RO         1586    .rodata.str1.1      tasks.o
    0x080097c8   0x080097c8   0x0000000d   Data   RO         1656    .rodata.str1.1      timers.o
    0x080097d5   0x080097d5   0x00000003   PAD
    0x080097d8   0x080097d8   0x00000020   Data   RO         2194    Region$$Table       anon$$obj.o


    Execution Region RW_IRAM1 (Exec base: 0x20000000, Load base: 0x080097f8, Size: 0x00005a48, Max: 0x0001c000, ABSOLUTE)

    Exec Addr    Load Addr    Size         Type   Attr      Idx    E Section Name        Object

    0x20000000   0x080097f8   0x00000004   Data   RW         1157    .data.SystemCoreClock  system_stm32f4xx.o
    0x20000004   0x080097fc   0x00000001   Data   RW         1232    .data.dir           tim_irqhandler.o
    0x20000005   0x080097fd   0x00000003   PAD
    0x20000008   0x08009800   0x00000004   Data   RW          987    .data.uwTickPrio    stm32f4xx_hal.o
    0x2000000c   0x08009804   0x00000004   Data   RW         1910    .data.uxCriticalNesting  port.o
    0x20000010        -       0x00000060   Zero   RW         2045    .bss                c_w.l(libspace.o)
    0x20000070        -       0x00000200   Zero   RW           44    .bss.BEEPTaskBuffer  freertos.o
    0x20000270        -       0x0000005c   Zero   RW           43    .bss.BEEPTaskControlBlock  freertos.o
    0x200002cc        -       0x00000001   Zero   RW         1171    .bss.BEEP_Trigger   beep.o
    0x200002cd   0x08009808   0x00000003   PAD
    0x200002d0        -       0x00000004   Zero   RW           47    .bss.BuzzerTaskHandle  freertos.o
    0x200002d4        -       0x00000004   Zero   RW         1838    .bss.KernelState    cmsis_os2.o
    0x200002d8        -       0x00000004   Zero   RW           46    .bss.LEDTaskHandle  freertos.o
    0x200002dc        -       0x00000004   Zero   RW         1241    .bss.TIM_PeriodElapsedCallback_1.phase  tim_irqhandler_1.o
    0x200002e0        -       0x00000028   Zero   RW           61    .bss.hcan1          can.o
    0x20000308        -       0x00000060   Zero   RW          103    .bss.hdma_usart1_rx  usart.o
    0x20000368        -       0x00000060   Zero   RW          104    .bss.hdma_usart1_tx  usart.o
    0x200003c8        -       0x00000048   Zero   RW          161    .bss.htim1          stm32f4xx_hal_timebase_tim.o
    0x20000410        -       0x00000048   Zero   RW           87    .bss.htim2          tim.o
    0x20000458        -       0x00000048   Zero   RW           88    .bss.htim3          tim.o
    0x200004a0        -       0x00000048   Zero   RW          102    .bss.huart1         usart.o
    0x200004e8        -       0x00000002   Zero   RW         1183    .bss.led_T          led.o
    0x200004ea        -       0x00000001   Zero   RW         1231    .bss.led_bre        tim_irqhandler.o
    0x200004eb        -       0x00000001   Zero   RW         1195    .bss.num            exti_irqhandler.o
    0x200004ec        -       0x000000a0   Zero   RW         1664    .bss.prvCheckForValidListAndQueue.ucStaticTimerQueueStorage  timers.o
    0x2000058c        -       0x00000050   Zero   RW         1663    .bss.prvCheckForValidListAndQueue.xStaticTimerQueue  timers.o
    0x200005dc        -       0x00000004   Zero   RW         1660    .bss.prvSampleTimeNow.xLastTime  timers.o
    0x200005e0        -       0x00000004   Zero   RW         1572    .bss.pxCurrentTCB   tasks.o
    0x200005e4        -       0x00000004   Zero   RW         1658    .bss.pxCurrentTimerList  timers.o
    0x200005e8        -       0x00000004   Zero   RW         1580    .bss.pxDelayedTaskList  tasks.o
    0x200005ec        -       0x00000004   Zero   RW         1867    .bss.pxEnd          heap_4.o
    0x200005f0        -       0x00000004   Zero   RW         1581    .bss.pxOverflowDelayedTaskList  tasks.o
    0x200005f4        -       0x00000004   Zero   RW         1659    .bss.pxOverflowTimerList  timers.o
    0x200005f8        -       0x00000460   Zero   RW         1583    .bss.pxReadyTasksLists  tasks.o
    0x20000a58        -       0x00000005   Zero   RW         1208    .bss.rx_buffer      uart_irqhandler.o
    0x20000a5d   0x08009808   0x00000001   PAD
    0x20000a5e        -       0x00000002   Zero   RW         1229    .bss.tim_count      tim_irqhandler.o
    0x20000a60        -       0x00000001   Zero   RW         1193    .bss.time_now       exti_irqhandler.o
    0x20000a61        -       0x00000001   Zero   RW         1194    .bss.time_period    exti_irqhandler.o
    0x20000a62        -       0x00003c00   Zero   RW         1874    .bss.ucHeap         heap_4.o
    0x20004662        -       0x00000001   Zero   RW         1908    .bss.ucMaxSysCallPriority  port.o
    0x20004663   0x08009808   0x00000001   PAD
    0x20004664        -       0x00000004   Zero   RW         1909    .bss.ulMaxPRIGROUPValue  port.o
    0x20004668        -       0x00000004   Zero   RW          989    .bss.uwTick         stm32f4xx_hal.o
    0x2000466c        -       0x00000004   Zero   RW         1576    .bss.uxCurrentNumberOfTasks  tasks.o
    0x20004670        -       0x00000004   Zero   RW         1575    .bss.uxDeletedTasksWaitingCleanUp  tasks.o
    0x20004674        -       0x00000004   Zero   RW         1578    .bss.uxSchedulerSuspended  tasks.o
    0x20004678        -       0x00000004   Zero   RW         1573    .bss.uxTaskNumber   tasks.o
    0x2000467c        -       0x00000004   Zero   RW         1584    .bss.uxTopReadyPriority  tasks.o
    0x20004680        -       0x00000200   Zero   RW         1841    .bss.vApplicationGetIdleTaskMemory.Idle_Stack  cmsis_os2.o
    0x20004880        -       0x0000005c   Zero   RW         1840    .bss.vApplicationGetIdleTaskMemory.Idle_TCB  cmsis_os2.o
    0x200048dc        -       0x00000400   Zero   RW         1843    .bss.vApplicationGetTimerTaskMemory.Timer_Stack  cmsis_os2.o
    0x20004cdc        -       0x0000005c   Zero   RW         1842    .bss.vApplicationGetTimerTaskMemory.Timer_TCB  cmsis_os2.o
    0x20004d38        -       0x00000014   Zero   RW         1661    .bss.xActiveTimerList1  timers.o
    0x20004d4c        -       0x00000014   Zero   RW         1662    .bss.xActiveTimerList2  timers.o
    0x20004d60        -       0x00000004   Zero   RW         1868    .bss.xBlockAllocatedBit  heap_4.o
    0x20004d64        -       0x00000014   Zero   RW         1592    .bss.xDelayedTaskList1  tasks.o
    0x20004d78        -       0x00000014   Zero   RW         1593    .bss.xDelayedTaskList2  tasks.o
    0x20004d8c        -       0x00000004   Zero   RW         1869    .bss.xFreeBytesRemaining  heap_4.o
    0x20004d90        -       0x00000004   Zero   RW         1587    .bss.xIdleTaskHandle  tasks.o
    0x20004d94        -       0x00000004   Zero   RW         1871    .bss.xMinimumEverFreeBytesRemaining  heap_4.o
    0x20004d98        -       0x00000004   Zero   RW         1588    .bss.xNextTaskUnblockTime  tasks.o
    0x20004d9c        -       0x00000004   Zero   RW         1591    .bss.xNumOfOverflows  tasks.o
    0x20004da0        -       0x00000004   Zero   RW         1872    .bss.xNumberOfSuccessfulAllocations  heap_4.o
    0x20004da4        -       0x00000004   Zero   RW         1873    .bss.xNumberOfSuccessfulFrees  heap_4.o
    0x20004da8        -       0x00000004   Zero   RW         1590    .bss.xPendedTicks   tasks.o
    0x20004dac        -       0x00000014   Zero   RW         1585    .bss.xPendingReadyList  tasks.o
    0x20004dc0        -       0x00000040   Zero   RW         1383    .bss.xQueueRegistry  queue.o
    0x20004e00        -       0x00000004   Zero   RW         1577    .bss.xSchedulerRunning  tasks.o
    0x20004e04        -       0x00000008   Zero   RW         1870    .bss.xStart         heap_4.o
    0x20004e0c        -       0x00000014   Zero   RW         1582    .bss.xSuspendedTaskList  tasks.o
    0x20004e20        -       0x00000014   Zero   RW         1574    .bss.xTasksWaitingTermination  tasks.o
    0x20004e34        -       0x00000004   Zero   RW         1579    .bss.xTickCount     tasks.o
    0x20004e38        -       0x00000004   Zero   RW         1655    .bss.xTimerQueue    timers.o
    0x20004e3c        -       0x00000004   Zero   RW         1657    .bss.xTimerTaskHandle  timers.o
    0x20004e40        -       0x00000004   Zero   RW         1589    .bss.xYieldPending  tasks.o
    0x20004e44   0x08009808   0x00000004   PAD
    0x20004e48        -       0x00000800   Zero   RW            2    HEAP                startup_stm32f405xx.o
    0x20005648        -       0x00000400   Zero   RW            1    STACK               startup_stm32f405xx.o


    Execution Region RW_IRAM2 (Exec base: 0x2001c000, Load base: 0x08009808, Size: 0x00000000, Max: 0x00004000, ABSOLUTE)

    **** No section assigned to this execution region ****


==============================================================================

Image component sizes


      Code (inc. data)   RO Data    RW Data    ZI Data      Debug   Object Name

        20          0          0          0          1       1368   beep.o
       528          0          0          0         40       6381   can.o
       746          0          0          0       1724      34869   cmsis_os2.o
        82          0          0          0          0       3226   dma.o
       112          0          0          0          3        727   exti_irqhandler.o
       106          0         91          0        612       3633   freertos.o
       220          0          0          0          0       3896   gpio.o
      1084          0          0          0      15392       4402   heap_4.o
        36          0          0          0          2       1202   led.o
       296          0          0          0          0       2202   list.o
       318          0          0          0          0       5724   main.o
      1128         16          0          4          5       3814   port.o
      2604          0          0          0         64      17216   queue.o
        64         26        392          0       3072        840   startup_stm32f405xx.o
        66          0          0          4          4       7046   stm32f4xx_hal.o
      2568          0          0          0          0      11476   stm32f4xx_hal_can.o
       384          0          0          0          0       9626   stm32f4xx_hal_cortex.o
      2068          8          8          0          0       8455   stm32f4xx_hal_dma.o
      1052          0          0          0          0       5083   stm32f4xx_hal_gpio.o
        88          0          0          0          0       3291   stm32f4xx_hal_msp.o
      2730          0          0          0          0       7580   stm32f4xx_hal_rcc.o
      4010         14          0          0          0      35820   stm32f4xx_hal_tim.o
       306          0          0          0          0      15246   stm32f4xx_hal_tim_ex.o
       218          0          0          0         72       6978   stm32f4xx_hal_timebase_tim.o
      3480          0          0          0          0      20301   stm32f4xx_hal_uart.o
       146          0          0          0          0       1687   stm32f4xx_it.o
        18          0         24          4          0       2494   system_stm32f4xx.o
      3918          0          5          0       1280      24027   tasks.o
       648          0          0          0        144       8165   tim.o
       238          0          0          1          3       3883   tim_irqhandler.o
       256         12          0          0          4       4256   tim_irqhandler_1.o
      1692         10         13          0        300      11521   timers.o
       296          0          0          0          5       3785   uart_irqhandler.o
       448          0          0          0        264       6861   usart.o

    ----------------------------------------------------------------------
     32184         98        568         16      23000     287081   Object Totals
         0          0         32          0          0          0   (incl. Generated)
       210         12          3          3          9          0   (incl. Padding)

    ----------------------------------------------------------------------

      Code (inc. data)   RO Data    RW Data    ZI Data      Debug   Library Member Name

         8          0          0          0          0         68   __main.o
         0          0          0          0          0          0   __rtentry.o
        12          0          0          0          0          0   __rtentry2.o
         6          0          0          0          0          0   __rtentry4.o
        52          8          0          0          0          0   __scatter.o
        26          0          0          0          0          0   __scatter_copy.o
        28          0          0          0          0          0   __scatter_zi.o
        22          0          0          0          0        100   _rserrno.o
        16          0          0          0          0         68   aeabi_memset4.o
        18          0          0          0          0         80   exit.o
         6          0          0          0          0        152   heapauxi.o
         0          0          0          0          0          0   indicate_semi.o
         2          0          0          0          0          0   libinit.o
         6          0          0          0          0          0   libinit2.o
         2          0          0          0          0          0   libshutdown.o
         2          0          0          0          0          0   libshutdown2.o
         8          4          0          0         96         68   libspace.o
       240          0          0          0          0        100   lludivv7m.o
         8          4          0          0          0         68   rt_errno_addr_intlibspace.o
        78          0          0          0          0         80   rt_memclr_w.o
       138          0          0          0          0         68   rt_memcpy_v6.o
       100          0          0          0          0         80   rt_memcpy_w.o
         2          0          0          0          0          0   rtexit.o
        10          0          0          0          0          0   rtexit2.o
        12          4          0          0          0         68   sys_exit.o
        74          0          0          0          0         80   sys_stackheap_outer.o
         2          0          0          0          0         68   use_no_semi.o
        24          0          0          0          0        164   basic.o
        98          4          0          0          0        140   d2f.o
       834         16          0          0          0        516   daddsub_clz.o
       692        140          0          0          0        264   ddiv.o
        94          4          0          0          0        140   dfix.o
        84          0          0          0          0        232   dflt_clz.o
       340         12          0          0          0        152   dmul.o
       156          4          0          0          0        140   dnaninf.o
        12          0          0          0          0        116   dretinf.o
        86          4          0          0          0        132   f2d.o
       140          4          0          0          0        132   fnaninf.o
        26          0          0          0          0        116   fpinit.o
        10          0          0          0          0        116   fretinf.o
         0          0          0          0          0          0   usenofp.o
       368         46         48          0          0        200   cos_i.o
        84         16          0          0          0        372   dunder.o
        24          0          0          0          0        124   fabs.o
        48          0          0          0          0        124   fpclassify.o
       248          0          0          0          0        152   poly.o
      1080        142        204          0          0        188   rred.o
       200         20          0          0          0        164   sin.o
       304         24         40          0          0        208   sin_i.o

    ----------------------------------------------------------------------
      5856        456        296          0         96       5040   Library Totals
        26          0          4          0          0          0   (incl. Padding)

    ----------------------------------------------------------------------

      Code (inc. data)   RO Data    RW Data    ZI Data      Debug   Library Name

       878         20          0          0         96       1148   c_w.l
      2596        188          0          0          0       2360   fz_wm.l
      2356        248        292          0          0       1532   m_wm.l

    ----------------------------------------------------------------------
      5856        456        296          0         96       5040   Library Totals

    ----------------------------------------------------------------------

==============================================================================


      Code (inc. data)   RO Data    RW Data    ZI Data      Debug   

     38040        554        864         16      23096     288561   Grand Totals
     38040        554        864         16      23096     288561   ELF Image Totals
     38040        554        864         16          0          0   ROM Totals

==============================================================================

    Total RO  Size (Code + RO Data)                38904 (  37.99kB)
    Total RW  Size (RW Data + ZI Data)             23112 (  22.57kB)
    Total ROM Size (Code + RO Data + RW Data)      38920 (  38.01kB)

==============================================================================

